Archive member included to satisfy reference by file (symbol)

C:/NXP/S32DS_Power_v2.1/S32DS/build_tools/e200_ewl2/lib/e200z2/fp\libc99.a(memcpy.o)
                              ./SDK/platform/pal/src/pwm/pwm_pal.o (memcpy)
C:/NXP/S32DS_Power_v2.1/S32DS/build_tools/e200_ewl2/lib/e200z2/fp\libm.a(math_api.o)
                              ./Sources/main.o (__ewl_generic_count_bits32)
c:/nxp/s32ds_power_v2.1/s32ds/build_tools/powerpc-eabivle-4_9/bin/../lib/gcc/powerpc-eabivle/4.9.4/e200z2/fp\libgcc.a(_lshrdi3.o)
                              C:/NXP/S32DS_Power_v2.1/S32DS/build_tools/e200_ewl2/lib/e200z2/fp\libm.a(math_api.o) (__lshrdi3)
c:/nxp/s32ds_power_v2.1/s32ds/build_tools/powerpc-eabivle-4_9/bin/../lib/gcc/powerpc-eabivle/4.9.4/e200z2/fp\libgcc.a(_ashldi3.o)
                              C:/NXP/S32DS_Power_v2.1/S32DS/build_tools/e200_ewl2/lib/e200z2/fp\libm.a(math_api.o) (__ashldi3)
c:/nxp/s32ds_power_v2.1/s32ds/build_tools/powerpc-eabivle-4_9/bin/../lib/gcc/powerpc-eabivle/4.9.4/e200z2/fp\libgcc.a(_udivdi3.o)
                              ./SDK/platform/drivers/src/stm/stm_driver.o (__udivdi3)
c:/nxp/s32ds_power_v2.1/s32ds/build_tools/powerpc-eabivle-4_9/bin/../lib/gcc/powerpc-eabivle/4.9.4/e200z2/fp\libgcc.a(_sf_to_df.o)
                              ./Sources/main.o (__extendsfdf2)
c:/nxp/s32ds_power_v2.1/s32ds/build_tools/powerpc-eabivle-4_9/bin/../lib/gcc/powerpc-eabivle/4.9.4/e200z2/fp\libgcc.a(_addsub_df.o)
                              ./Sources/main.o (__subdf3)
c:/nxp/s32ds_power_v2.1/s32ds/build_tools/powerpc-eabivle-4_9/bin/../lib/gcc/powerpc-eabivle/4.9.4/e200z2/fp\libgcc.a(_mul_df.o)
                              ./Sources/main.o (__muldf3)
c:/nxp/s32ds_power_v2.1/s32ds/build_tools/powerpc-eabivle-4_9/bin/../lib/gcc/powerpc-eabivle/4.9.4/e200z2/fp\libgcc.a(_div_df.o)
                              ./Sources/main.o (__divdf3)
c:/nxp/s32ds_power_v2.1/s32ds/build_tools/powerpc-eabivle-4_9/bin/../lib/gcc/powerpc-eabivle/4.9.4/e200z2/fp\libgcc.a(_gt_df.o)
                              C:/NXP/S32DS_Power_v2.1/S32DS/build_tools/e200_ewl2/lib/e200z2/fp\libm.a(math_api.o) (__gtdf2)
c:/nxp/s32ds_power_v2.1/s32ds/build_tools/powerpc-eabivle-4_9/bin/../lib/gcc/powerpc-eabivle/4.9.4/e200z2/fp\libgcc.a(_lt_df.o)
                              C:/NXP/S32DS_Power_v2.1/S32DS/build_tools/e200_ewl2/lib/e200z2/fp\libm.a(math_api.o) (__ltdf2)
c:/nxp/s32ds_power_v2.1/s32ds/build_tools/powerpc-eabivle-4_9/bin/../lib/gcc/powerpc-eabivle/4.9.4/e200z2/fp\libgcc.a(_si_to_df.o)
                              ./Sources/main.o (__floatsidf)
c:/nxp/s32ds_power_v2.1/s32ds/build_tools/powerpc-eabivle-4_9/bin/../lib/gcc/powerpc-eabivle/4.9.4/e200z2/fp\libgcc.a(_make_df.o)
                              c:/nxp/s32ds_power_v2.1/s32ds/build_tools/powerpc-eabivle-4_9/bin/../lib/gcc/powerpc-eabivle/4.9.4/e200z2/fp\libgcc.a(_sf_to_df.o) (__make_dp)
c:/nxp/s32ds_power_v2.1/s32ds/build_tools/powerpc-eabivle-4_9/bin/../lib/gcc/powerpc-eabivle/4.9.4/e200z2/fp\libgcc.a(_df_to_sf.o)
                              ./Sources/main.o (__truncdfsf2)
c:/nxp/s32ds_power_v2.1/s32ds/build_tools/powerpc-eabivle-4_9/bin/../lib/gcc/powerpc-eabivle/4.9.4/e200z2/fp\libgcc.a(_thenan_df.o)
                              c:/nxp/s32ds_power_v2.1/s32ds/build_tools/powerpc-eabivle-4_9/bin/../lib/gcc/powerpc-eabivle/4.9.4/e200z2/fp\libgcc.a(_addsub_df.o) (__thenan_df)
c:/nxp/s32ds_power_v2.1/s32ds/build_tools/powerpc-eabivle-4_9/bin/../lib/gcc/powerpc-eabivle/4.9.4/e200z2/fp\libgcc.a(_usi_to_df.o)
                              ./Sources/main.o (__floatunsidf)
c:/nxp/s32ds_power_v2.1/s32ds/build_tools/powerpc-eabivle-4_9/bin/../lib/gcc/powerpc-eabivle/4.9.4/e200z2/fp\libgcc.a(e200crtresxgpr.o)
                              C:/NXP/S32DS_Power_v2.1/S32DS/build_tools/e200_ewl2/lib/e200z2/fp\libm.a(math_api.o) (_restgpr_26_x)
c:/nxp/s32ds_power_v2.1/s32ds/build_tools/powerpc-eabivle-4_9/bin/../lib/gcc/powerpc-eabivle/4.9.4/e200z2/fp\libgcc.a(eabivle.o)
                              ./Sources/main.o (__eabi)
c:/nxp/s32ds_power_v2.1/s32ds/build_tools/powerpc-eabivle-4_9/bin/../lib/gcc/powerpc-eabivle/4.9.4/e200z2/fp\libgcc.a(_unpack_sf.o)
                              c:/nxp/s32ds_power_v2.1/s32ds/build_tools/powerpc-eabivle-4_9/bin/../lib/gcc/powerpc-eabivle/4.9.4/e200z2/fp\libgcc.a(_sf_to_df.o) (__unpack_f)
c:/nxp/s32ds_power_v2.1/s32ds/build_tools/powerpc-eabivle-4_9/bin/../lib/gcc/powerpc-eabivle/4.9.4/e200z2/fp\libgcc.a(_make_sf.o)
                              c:/nxp/s32ds_power_v2.1/s32ds/build_tools/powerpc-eabivle-4_9/bin/../lib/gcc/powerpc-eabivle/4.9.4/e200z2/fp\libgcc.a(_df_to_sf.o) (__make_fp)
c:/nxp/s32ds_power_v2.1/s32ds/build_tools/powerpc-eabivle-4_9/bin/../lib/gcc/powerpc-eabivle/4.9.4/e200z2/fp\libgcc.a(_pack_df.o)
                              c:/nxp/s32ds_power_v2.1/s32ds/build_tools/powerpc-eabivle-4_9/bin/../lib/gcc/powerpc-eabivle/4.9.4/e200z2/fp\libgcc.a(_addsub_df.o) (__pack_d)
[...]
Memory Configuration

Name             Origin             Length             Attributes
flash_rchw       0x00fa0000         0x00000004
cpu0_reset_vec   0x00fa0010         0x00000004
cpu1_reset_vec   0x00fa0014         0x00000004
cpu2_reset_vec   0x00fa0004         0x00000004
m_text           0x013a0000         0x001d0000
m_data           0x40080000         0x00040000
shared           0x40080000         0x00001000
*default*        0x00000000         0xffffffff

Linker script and memory map

LOAD c:/nxp/s32ds_power_v2.1/s32ds/build_tools/powerpc-eabivle-4_9/bin/../lib/gcc/powerpc-eabivle/4.9.4/e200z2/fp/ecrti.o
LOAD c:/nxp/s32ds_power_v2.1/s32ds/build_tools/powerpc-eabivle-4_9/bin/../lib/gcc/powerpc-eabivle/4.9.4/e200z2/fp/crtbegin.o
LOAD ./Generated_Code/Cpu.o
LOAD ./Generated_Code/can_pal1.o
LOAD ./Generated_Code/clockMan1.o
LOAD ./Generated_Code/dmaController1.o
LOAD ./Generated_Code/pin_mux.o
LOAD ./Generated_Code/pwm_pal1.o
LOAD ./Generated_Code/pwm_pal2.o
LOAD ./Generated_Code/smpu1.o
LOAD ./Generated_Code/stm1.o
LOAD ./Generated_Code/uart_pal1.o
LOAD ./Project_Settings/Startup_Code/core2_intc_sw_handlers.o
LOAD ./Project_Settings/Startup_Code/interrupt_vectors.o
LOAD ./Project_Settings/Startup_Code/startup_MPC5748G.o
LOAD ./SDK/platform/devices/MPC5748G/startup/system_MPC5748G.o
LOAD ./SDK/platform/devices/startup.o
LOAD ./SDK/platform/drivers/src/clock/MPC57xx/clock_MPC57xx.o
LOAD ./SDK/platform/drivers/src/edma/edma_driver.o
LOAD ./SDK/platform/drivers/src/edma/edma_hw_access.o
LOAD ./SDK/platform/drivers/src/edma/edma_irq.o
LOAD ./SDK/platform/drivers/src/emios/emios_common.o
LOAD ./SDK/platform/drivers/src/emios/emios_hw_access.o
LOAD ./SDK/platform/drivers/src/emios/emios_mc_driver.o
LOAD ./SDK/platform/drivers/src/emios/emios_pwm_driver.o
LOAD ./SDK/platform/drivers/src/flexcan/flexcan_driver.o
LOAD ./SDK/platform/drivers/src/flexcan/flexcan_hw_access.o
LOAD ./SDK/platform/drivers/src/flexcan/flexcan_irq.o
LOAD ./SDK/platform/drivers/src/interrupt/interrupt_manager_MPC57xx.o
LOAD ./SDK/platform/drivers/src/linflexd/linflexd_uart_driver.o
LOAD ./SDK/platform/drivers/src/linflexd/linflexd_uart_irq.o
LOAD ./SDK/platform/drivers/src/pins/siul2/pins_siul2_driver.o
LOAD ./SDK/platform/drivers/src/pins/siul2/siul2_hw_access.o
LOAD ./SDK/platform/drivers/src/smpu/smpu_driver.o
LOAD ./SDK/platform/drivers/src/smpu/smpu_hw_access.o
LOAD ./SDK/platform/drivers/src/stm/stm_driver.o
LOAD ./SDK/platform/pal/src/can/can_pal.o
LOAD ./SDK/platform/pal/src/pwm/pwm_pal.o
LOAD ./SDK/platform/pal/src/uart/uart_pal.o
LOAD ./SDK/rtos/osif/osif_baremetal.o
LOAD ./Sources/EXTI_Encoder.o
LOAD ./Sources/main.o
START GROUP
LOAD C:/NXP/S32DS_Power_v2.1/S32DS/build_tools/e200_ewl2/lib/e200z2/fp\libc99.a
LOAD C:/NXP/S32DS_Power_v2.1/S32DS/build_tools/e200_ewl2/lib/e200z2/fp\libm.a
LOAD c:/nxp/s32ds_power_v2.1/s32ds/build_tools/powerpc-eabivle-4_9/bin/../lib/gcc/powerpc-eabivle/4.9.4/e200z2/fp\libgcc.a
LOAD C:/NXP/S32DS_Power_v2.1/S32DS/build_tools/e200_ewl2/lib/e200z2/fp\librt.a
END GROUP
LOAD c:/nxp/s32ds_power_v2.1/s32ds/build_tools/powerpc-eabivle-4_9/bin/../lib/gcc/powerpc-eabivle/4.9.4/e200z2/fp/crtend.o
LOAD c:/nxp/s32ds_power_v2.1/s32ds/build_tools/powerpc-eabivle-4_9/bin/../lib/gcc/powerpc-eabivle/4.9.4/e200z2/fp/ecrtn.o
                0x00000000                __HEAP_SIZE = DEFINED (__heap_size__)?__heap_size__:0x0
                0x00001000                __STACK_SIZE = DEFINED (__stack_size__)?__stack_size__:0x1000
                0x013a0000                FLASH_BASE_ADDR = DEFINED (__flash_base_addr__)?__flash_base_addr__:0x13a0000
                0x001d0000                FLASH_SIZE = DEFINED (__flash_size__)?__flash_size__:0x1d0000
                0x40080000                SRAM_BASE_ADDR = DEFINED (__sram_base_addr__)?__sram_base_addr__:0x40080000
                0x00040000                SRAM_SIZE = DEFINED (__sram_size__)?__sram_size__:0x40000

.rchw
 *(.rchw)

.cpu0_reset_vector
 *(.cpu0_reset_vector)

.cpu1_reset_vector
 *(.cpu1_reset_vector)

.cpu2_reset_vector
                0x00fa0004        0x4
 *(.cpu2_reset_vector)
 .cpu2_reset_vector
                0x00fa0004        0x4 ./Project_Settings/Startup_Code/startup_MPC5748G.o

.startup        0x013a0000      0x168
                0x013a0000                __start = .
 *(.startup)
 .startup       0x013a0000      0x168 ./Project_Settings/Startup_Code/startup_MPC5748G.o
                0x013a0000                Reset_Handler
                0x013a0000                _start

.core_exceptions_table
                0x013a1000       0xb4
                0x013a1000                __IVPR_VALUE = .
 *(.core_exceptions_table)
 .core_exceptions_table
                0x013a1000       0xb4 ./Project_Settings/Startup_Code/interrupt_vectors.o
                0x013a1000                IVOR0_Vector
                0x013a1000                VTABLE
                0x013a1010                IVOR1_Vector
                0x013a1020                IVOR2_Vector
                0x013a1030                IVOR3_Vector
                0x013a1040                IVOR4_Vector
                0x013a1050                IVOR5_Vector
                0x013a1060                IVOR6_Vector
                0x013a1070                IVOR35_Vector
                0x013a1080                IVOR8_Vector
                0x013a1090                IVOR15_Vector
                0x013a10a0                IVOR33_Vector
                0x013a10b0                IVOR34_Vector

.intc_vector_table
                0x013a2000      0xbcc
                0x013a2000                __VECTOR_TABLE = .
                0x013a2000                __interrupts_start__ = .
 *(.intc_vector_table)
 .intc_vector_table
                0x013a2000      0xbcc ./Project_Settings/Startup_Code/startup_MPC5748G.o
                0x013a2000                __isr_vector
                0x013a2bc8                DSPI1_Send_IRQHandler
                0x013a2bc8                PIT_Ch0_IRQHandler
                0x013a2bc8                PIT_Ch14_IRQHandler
                0x013a2bc8                SIUL_EIRQ_16_23_IRQHandler
                0x013a2bc8                SAI2_Rx_IRQHandler
                0x013a2bc8                PIT_Ch10_IRQHandler
                0x013a2bc8                SWT0_IRQHandler
                0x013a2bc8                EMIOS0_30_31_IRQHandler
                0x013a2bc8                ENET0_Rx_1_IRQHandler
                0x013a2bc8                DSPI0_FIFO_Error_IRQHandler
                0x013a2bc8                PIT_Ch15_IRQHandler
                0x013a2bc8                ADC1_WD_IRQHandler
                0x013a2bc8                EMIOS1_00_01_IRQHandler
                0x013a2bc8                USBOTG_IRQHandler
                0x013a2bc8                DSPI5_FIFO_Error_IRQHandler
                0x013a2bc8                DSPI4_Send_IRQHandler
                0x013a2bc8                IVOR34_Exception_Handler
                0x013a2bc8                STM2_Ch2_IRQHandler
                0x013a2bc8                EMIOS1_26_27_IRQHandler
                0x013a2bc8                DSPI6_Send_IRQHandler
                0x013a2bc8                WKPU_23_16_IRQHandler
                0x013a2bc8                STM2_Ch3_IRQHandler
                0x013a2bc8                DSPI3_Send_IRQHandler
                0x013a2bc8                IVOR2_Exception_Handler
                0x013a2bc8                PIT_Ch7_IRQHandler
                0x013a2bc8                SAI2_Tx_IRQHandler
                0x013a2bc8                ENET1_Tx_IRQHandler
                0x013a2bc8                EMIOS1_04_05_IRQHandler
                0x013a2bc8                STM2_Ch1_IRQHandler
                0x013a2bc8                STM1_Ch2_IRQHandler
                0x013a2bc8                EMIOS0_04_05_IRQHandler
                0x013a2bc8                ENET0_Tx_2_IRQHandler
                0x013a2bc8                ENET1_Rx_2_IRQHandler
                0x013a2bc8                IVOR33_Exception_Handler
                0x013a2bc8                EMIOS2_00_01_IRQHandler
                0x013a2bc8                EMIOS0_24_25_IRQHandler
                0x013a2bc8                SAI0_Tx_IRQHandler
                0x013a2bc8                DSPI2_FIFO_Error_IRQHandler
                0x013a2bc8                DSPI9_FIFO_Error_IRQHandler
                0x013a2bc8                EMIOS2_26_27_IRQHandler
                0x013a2bc8                ENET0_Parser_IRQHandler
                0x013a2bc8                SWT2_IRQHandler
                0x013a2bc8                IVOR5_Exception_Handler
                0x013a2bc8                ADC0_WD_IRQHandler
                0x013a2bc8                PIT_Ch1_IRQHandler
                0x013a2bc8                EMIOS0_12_13_IRQHandler
                0x013a2bc8                PIT_Ch5_IRQHandler
                0x013a2bc8                EMIOS1_14_15_IRQHandler
                0x013a2bc8                ENET1_Rx_IRQHandler
                0x013a2bc8                DSPI0_Send_IRQHandler
                0x013a2bc8                ENET1_Timer_IRQHandler
                0x013a2bc8                ENET0_Err_IRQHandler
                0x013a2bc8                IVOR15_Exception_Handler
                0x013a2bc8                DSPI6_Receive_IRQHandler
                0x013a2bc8                BCTU_ListLast_IRQHandler
                0x013a2bc8                SAI1_Tx_IRQHandler
                0x013a2bc8                I2C_DRV_Module2IRQHandler
                0x013a2bc8                DSPI0_Receive_IRQHandler
                0x013a2bc8                PIT_Ch2_IRQHandler
                0x013a2bc8                CMP0_IRQHandler
                0x013a2bc8                DSPI2_Send_IRQHandler
                0x013a2bc8                EMIOS0_16_17_IRQHandler
                0x013a2bc8                ADC0_EOC_IRQHandler
                0x013a2bc8                ENET0_Rx_IRQHandler
                0x013a2bc8                DSPI4_FIFO_Error_IRQHandler
                0x013a2bc8                SIUL_EIRQ_00_07_IRQHandler
                0x013a2bc8                DSPI2_Receive_IRQHandler
                0x013a2bc8                DSPI9_Receive_IRQHandler
                0x013a2bc8                ADC1_ER_IRQHandler
                0x013a2bc8                DSPI3_Receive_IRQHandler
                0x013a2bc8                SAI0_Rx_IRQHandler
                0x013a2bc8                EMIOS1_28_29_IRQHandler
                0x013a2bc8                EMIOS0_22_23_IRQHandler
                0x013a2bc8                EMIOS1_30_31_IRQHandler
                0x013a2bc8                EMIOS0_10_11_IRQHandler
                0x013a2bc8                EMIOS1_10_11_IRQHandler
                0x013a2bc8                PIT_Ch4_IRQHandler
                0x013a2bc8                ENET1_Tx_1_IRQHandler
                0x013a2bc8                ADC0_ER_IRQHandler
                0x013a2bc8                DSPI7_Receive_IRQHandler
                0x013a2bc8                DSPI1_FIFO_Error_IRQHandler
                0x013a2bc8                ENET0_Rx_2_IRQHandler
                0x013a2bc8                PIT_Ch12_IRQHandler
                0x013a2bc8                PIT_Ch11_IRQHandler
                0x013a2bc8                ENET0_Tx_1_IRQHandler
                0x013a2bc8                EMIOS2_28_29_IRQHandler
                0x013a2bc8                ENET1_Parser_IRQHandler
                0x013a2bc8                EMIOS2_06_07_IRQHandler
                0x013a2bc8                ENET1_Err_IRQHandler
                0x013a2bc8                EMIOS1_06_07_IRQHandler
                0x013a2bc8                SIUL_EIRQ_24_31_IRQHandler
                0x013a2bc8                DSPI7_FIFO_Error_IRQHandler
                0x013a2bc8                IVOR1_Exception_Handler
                0x013a2bc8                EMIOS2_20_21_IRQHandler
                0x013a2bc8                CMP2_IRQHandler
                0x013a2bc8                STM1_Ch0_IRQHandler
                0x013a2bc8                DSPI8_Receive_IRQHandler
                0x013a2bc8                ENET0_Tx_IRQHandler
                0x013a2bc8                IVOR3_Exception_Handler
                0x013a2bc8                EMIOS1_12_13_IRQHandler
                0x013a2bc8                HSM_DRV_IRQHandler
                0x013a2bc8                EMIOS2_04_05_IRQHandler
                0x013a2bc8                PIT_RTI_IRQHandler
                0x013a2bc8                IVOR8_Exception_Handler
                0x013a2bc8                DSPI9_Send_IRQHandler
                0x013a2bc8                WKPU_31_24_IRQHandler
                0x013a2bc8                DSPI5_Receive_IRQHandler
                0x013a2bc8                STM0_Ch0_IRQHandler
                0x013a2bc8                STM1_Ch1_IRQHandler
                0x013a2bc8                I2C_DRV_Module1IRQHandler
                0x013a2bc8                PIT_Ch13_IRQHandler
                0x013a2bc8                EMIOS2_02_03_IRQHandler
                0x013a2bc8                EMIOS0_18_19_IRQHandler
                0x013a2bc8                STM0_Ch3_IRQHandler
                0x013a2bc8                STM0_Ch2_IRQHandler
                0x013a2bc8                EMIOS1_02_03_IRQHandler
                0x013a2bc8                WKPU_15_08_IRQHandler
                0x013a2bc8                EMIOS0_00_01_IRQHandler
                0x013a2bc8                RTC0_IRQHandler
                0x013a2bc8                DSPI8_FIFO_Error_IRQHandler
                0x013a2bc8                DSPI7_Send_IRQHandler
                0x013a2bc8                STM1_Ch3_IRQHandler
                0x013a2bc8                USBHS_IRQHandler
                0x013a2bc8                EMIOS0_20_21_IRQHandler
                0x013a2bc8                I2C_DRV_Module0IRQHandler
                0x013a2bc8                EMIOS2_18_19_IRQHandler
                0x013a2bc8                DSPI3_FIFO_Error_IRQHandler
                0x013a2bc8                I2C_DRV_Module3IRQHandler
                0x013a2bc8                EMIOS1_24_25_IRQHandler
                0x013a2bc8                IVOR6_Exception_Handler
                0x013a2bc8                PIT_Ch6_IRQHandler
                0x013a2bc8                IVOR0_Exception_Handler
                0x013a2bc8                IVOR35_Exception_Handler
                0x013a2bc8                EMIOS1_08_09_IRQHandler
                0x013a2bc8                PIT_Ch3_IRQHandler
                0x013a2bc8                EMIOS0_26_27_IRQHandler
                0x013a2bc8                DSPI4_Receive_IRQHandler
                0x013a2bc8                DSPI6_FIFO_Error_IRQHandler
                0x013a2bc8                EMIOS0_08_09_IRQHandler
                0x013a2bc8                DSPI1_Receive_IRQHandler
                0x013a2bc8                EMIOS1_22_23_IRQHandler
                0x013a2bc8                EMIOS1_18_19_IRQHandler
                0x013a2bc8                EMIOS2_12_13_IRQHandler
                0x013a2bc8                EMIOS2_10_11_IRQHandler
                0x013a2bc8                EMIOS2_24_25_IRQHandler
                0x013a2bc8                SWT1_IRQHandler
                0x013a2bc8                EMIOS1_16_17_IRQHandler
                0x013a2bc8                API0_IRQHandler
                0x013a2bc8                DSPI8_Send_IRQHandler
                0x013a2bc8                FLASH_Done_IRQHandler
                0x013a2bc8                ENET1_Rx_1_IRQHandler
                0x013a2bc8                SIUL_EIRQ_08_15_IRQHandler
                0x013a2bc8                PIT_Ch9_IRQHandler
                0x013a2bc8                EMIOS2_14_15_IRQHandler
                0x013a2bc8                ENET1_Tx_2_IRQHandler
                0x013a2bc8                EMIOS2_22_23_IRQHandler
                0x013a2bc8                CMP1_IRQHandler
                0x013a2bc8                EMIOS2_08_09_IRQHandler
                0x013a2bc8                EMIOS0_28_29_IRQHandler
                0x013a2bc8                DefaultISR
                0x013a2bc8                EMIOS0_06_07_IRQHandler
                0x013a2bc8                EMIOS0_02_03_IRQHandler
                0x013a2bc8                PIT_Ch8_IRQHandler
                0x013a2bc8                uSDHC_DriverIRQHandler
                0x013a2bc8                SAI1_Rx_IRQHandler
                0x013a2bc8                EMIOS2_30_31_IRQHandler
                0x013a2bc8                ENET0_Timer_IRQHandler
                0x013a2bc8                ADC1_EOC_IRQHandler
                0x013a2bc8                DSPI5_Send_IRQHandler
                0x013a2bc8                STM0_Ch1_IRQHandler
                0x013a2bc8                FCCU0_IRQ_Handler
                0x013a2bc8                WKPU_07_00_IRQHandler
                0x013a2bc8                BCTU_ConvUpdate_IRQHandler
                0x013a2bc8                EMIOS2_16_17_IRQHandler
                0x013a2bc8                EMIOS1_20_21_IRQHandler
                0x013a2bc8                EMIOS0_14_15_IRQHandler
                0x013a2bcc                __interrupts_end__ = .
                0x00000c00                __RAM_VECTOR_TABLE_SIZE = 0xc00
                0x013a2c00                __VECTOR_TABLE_COPY_END = (__VECTOR_TABLE + __RAM_VECTOR_TABLE_SIZE)

.text           0x013a2bd0     0x8cc0
 *(.text.startup)
 *(.text)
 .text          0x013a2bd0      0x16c c:/nxp/s32ds_power_v2.1/s32ds/build_tools/powerpc-eabivle-4_9/bin/../lib/gcc/powerpc-eabivle/4.9.4/e200z2/fp/crtbegin.o
 *fill*         0x013a2d3c        0x4 
 .text          0x013a2d40      0x2f6 ./Project_Settings/Startup_Code/core2_intc_sw_handlers.o
                0x013a2d80                IVOR0_Handler
                0x013a2dae                IVOR1_Handler
                0x013a2dfc                IVOR2_Handler
                0x013a2e36                IVOR3_Handler
                0x013a2e70                IVOR4_Handler
                0x013a2eb8                IVOR5_Handler
                0x013a2ef2                IVOR6_Handler
                0x013a2f2c                IVOR8_Handler
                0x013a2f66                IVOR15_Handler
                0x013a2f94                IVOR33_Handler
                0x013a2fce                IVOR34_Handler
                0x013a3008                IVOR35_Handler
 *fill*         0x013a3036        0x2 
 .text          0x013a3038      0x328 c:/nxp/s32ds_power_v2.1/s32ds/build_tools/powerpc-eabivle-4_9/bin/../lib/gcc/powerpc-eabivle/4.9.4/e200z2/fp\libgcc.a(_udivdi3.o)
                0x013a3038                __udivdi3
 .text          0x013a3360       0x38 c:/nxp/s32ds_power_v2.1/s32ds/build_tools/powerpc-eabivle-4_9/bin/../lib/gcc/powerpc-eabivle/4.9.4/e200z2/fp\libgcc.a(_sf_to_df.o)
                0x013a3360                __extendsfdf2
 .text          0x013a3398      0x37e c:/nxp/s32ds_power_v2.1/s32ds/build_tools/powerpc-eabivle-4_9/bin/../lib/gcc/powerpc-eabivle/4.9.4/e200z2/fp\libgcc.a(_addsub_df.o)
                0x013a3658                __adddf3
                0x013a36b4                __subdf3
 *fill*         0x013a3716        0x2 
 .text          0x013a3718      0x26c c:/nxp/s32ds_power_v2.1/s32ds/build_tools/powerpc-eabivle-4_9/bin/../lib/gcc/powerpc-eabivle/4.9.4/e200z2/fp\libgcc.a(_mul_df.o)
                0x013a3718                __muldf3
 .text          0x013a3984      0x17e c:/nxp/s32ds_power_v2.1/s32ds/build_tools/powerpc-eabivle-4_9/bin/../lib/gcc/powerpc-eabivle/4.9.4/e200z2/fp\libgcc.a(_div_df.o)
                0x013a3984                __divdf3
 *fill*         0x013a3b02        0x2 
 .text          0x013a3b04       0x84 c:/nxp/s32ds_power_v2.1/s32ds/build_tools/powerpc-eabivle-4_9/bin/../lib/gcc/powerpc-eabivle/4.9.4/e200z2/fp\libgcc.a(_si_to_df.o)
                0x013a3b04                __floatsidf
 .text          0x013a3b88       0x26 c:/nxp/s32ds_power_v2.1/s32ds/build_tools/powerpc-eabivle-4_9/bin/../lib/gcc/powerpc-eabivle/4.9.4/e200z2/fp\libgcc.a(_make_df.o)
                0x013a3b88                __make_dp
 *fill*         0x013a3bae        0x2 
 .text          0x013a3bb0       0x44 c:/nxp/s32ds_power_v2.1/s32ds/build_tools/powerpc-eabivle-4_9/bin/../lib/gcc/powerpc-eabivle/4.9.4/e200z2/fp\libgcc.a(_df_to_sf.o)
                0x013a3bb0                __truncdfsf2
 .text          0x013a3bf4       0x70 c:/nxp/s32ds_power_v2.1/s32ds/build_tools/powerpc-eabivle-4_9/bin/../lib/gcc/powerpc-eabivle/4.9.4/e200z2/fp\libgcc.a(_usi_to_df.o)
                0x013a3bf4                __floatunsidf
 .text          0x013a3c64       0x4a c:/nxp/s32ds_power_v2.1/s32ds/build_tools/powerpc-eabivle-4_9/bin/../lib/gcc/powerpc-eabivle/4.9.4/e200z2/fp\libgcc.a(eabivle.o)
                0x013a3c64                __eabi
 *fill*         0x013a3cae        0x2 
 .text          0x013a3cb0       0x80 c:/nxp/s32ds_power_v2.1/s32ds/build_tools/powerpc-eabivle-4_9/bin/../lib/gcc/powerpc-eabivle/4.9.4/e200z2/fp\libgcc.a(_unpack_sf.o)
                0x013a3cb0                __unpack_f
 .text          0x013a3d30       0x20 c:/nxp/s32ds_power_v2.1/s32ds/build_tools/powerpc-eabivle-4_9/bin/../lib/gcc/powerpc-eabivle/4.9.4/e200z2/fp\libgcc.a(_make_sf.o)
                0x013a3d30                __make_fp
 .text          0x013a3d50      0x1e6 c:/nxp/s32ds_power_v2.1/s32ds/build_tools/powerpc-eabivle-4_9/bin/../lib/gcc/powerpc-eabivle/4.9.4/e200z2/fp\libgcc.a(_pack_df.o)
                0x013a3d50                __pack_d
 *fill*         0x013a3f36        0x2 
 .text          0x013a3f38       0xb0 c:/nxp/s32ds_power_v2.1/s32ds/build_tools/powerpc-eabivle-4_9/bin/../lib/gcc/powerpc-eabivle/4.9.4/e200z2/fp\libgcc.a(_unpack_df.o)
                0x013a3f38                __unpack_d
 .text          0x013a3fe8      0x118 c:/nxp/s32ds_power_v2.1/s32ds/build_tools/powerpc-eabivle-4_9/bin/../lib/gcc/powerpc-eabivle/4.9.4/e200z2/fp\libgcc.a(_pack_sf.o)
                0x013a3fe8                __pack_f
 .text          0x013a4100       0x48 c:/nxp/s32ds_power_v2.1/s32ds/build_tools/powerpc-eabivle-4_9/bin/../lib/gcc/powerpc-eabivle/4.9.4/e200z2/fp/crtend.o
 *(.text.*)
 .text.SystemInit
                0x013a4148       0x84 ./SDK/platform/devices/MPC5748G/startup/system_MPC5748G.o
                0x013a4148                SystemInit
 .text.init_data_bss
                0x013a41cc       0xb8 ./SDK/platform/devices/startup.o
                0x013a41cc                init_data_bss
 .text.CLOCK_SYS_GetFircFreq
                0x013a4284       0x1e ./SDK/platform/drivers/src/clock/MPC57xx/clock_MPC57xx.o
 *fill*         0x013a42a2        0x2 
 .text.CLOCK_SYS_GetFxoscFreq
                0x013a42a4       0x1e ./SDK/platform/drivers/src/clock/MPC57xx/clock_MPC57xx.o
 *fill*         0x013a42c2        0x2 
 .text.CLOCK_SYS_CalculateFrequenciesOfClockSources
                0x013a42c4      0x13e ./SDK/platform/drivers/src/clock/MPC57xx/clock_MPC57xx.o
 *fill*         0x013a4402        0x2 
 .text.CLOCK_SYS_GetSystemClockFreq
                0x013a4404      0x1da ./SDK/platform/drivers/src/clock/MPC57xx/clock_MPC57xx.o
 *fill*         0x013a45de        0x2 
 .text.CLOCK_DRV_Init
                0x013a45e0      0xb30 ./SDK/platform/drivers/src/clock/MPC57xx/clock_MPC57xx.o
                0x013a45e0                CLOCK_DRV_Init
 .text.CLOCK_DRV_GetFreq
                0x013a5110      0x428 ./SDK/platform/drivers/src/clock/MPC57xx/clock_MPC57xx.o
                0x013a5110                CLOCK_DRV_GetFreq
 .text.CLOCK_SYS_Init
                0x013a5538       0x18 ./SDK/platform/drivers/src/clock/MPC57xx/clock_MPC57xx.o
                0x013a5538                CLOCK_SYS_Init
 .text.CLOCK_SYS_UpdateConfiguration
                0x013a5550      0x172 ./SDK/platform/drivers/src/clock/MPC57xx/clock_MPC57xx.o
                0x013a5550                CLOCK_SYS_UpdateConfiguration
 *fill*         0x013a56c2        0x2 
 .text.CLOCK_SYS_GetFreq
                0x013a56c4       0x14 ./SDK/platform/drivers/src/clock/MPC57xx/clock_MPC57xx.o
                0x013a56c4                CLOCK_SYS_GetFreq
 .text.EDMA_DRV_InstallCallback
                0x013a56d8       0x16 ./SDK/platform/drivers/src/edma/edma_driver.o
                0x013a56d8                EDMA_DRV_InstallCallback
 *fill*         0x013a56ee        0x2 
 .text.EDMA_DRV_IRQHandler
                0x013a56f0       0x52 ./SDK/platform/drivers/src/edma/edma_driver.o
                0x013a56f0                EDMA_DRV_IRQHandler
 *fill*         0x013a5742        0x2 
 .text.EDMA_DRV_ErrorIRQHandler
                0x013a5744       0x6c ./SDK/platform/drivers/src/edma/edma_driver.o
                0x013a5744                EDMA_DRV_ErrorIRQHandler
 .text.EDMA_DRV_ConfigSingleBlockTransfer
                0x013a57b0      0x15c ./SDK/platform/drivers/src/edma/edma_driver.o
                0x013a57b0                EDMA_DRV_ConfigSingleBlockTransfer
 .text.EDMA_DRV_ConfigMultiBlockTransfer
                0x013a590c       0x46 ./SDK/platform/drivers/src/edma/edma_driver.o
                0x013a590c                EDMA_DRV_ConfigMultiBlockTransfer
 *fill*         0x013a5952        0x2 
 .text.EDMA_DRV_StartChannel
                0x013a5954       0x20 ./SDK/platform/drivers/src/edma/edma_driver.o
                0x013a5954                EDMA_DRV_StartChannel
 .text.EDMA_DRV_StopChannel
                0x013a5974       0x20 ./SDK/platform/drivers/src/edma/edma_driver.o
                0x013a5974                EDMA_DRV_StopChannel
 .text.EDMA_DRV_SetSrcAddr
                0x013a5994       0x1e ./SDK/platform/drivers/src/edma/edma_driver.o
                0x013a5994                EDMA_DRV_SetSrcAddr
 *fill*         0x013a59b2        0x2 
 .text.EDMA_DRV_SetDestAddr
                0x013a59b4       0x1e ./SDK/platform/drivers/src/edma/edma_driver.o
                0x013a59b4                EDMA_DRV_SetDestAddr
 *fill*         0x013a59d2        0x2 
 .text.EDMA_DRV_SetMajorLoopIterationCount
                0x013a59d4       0x1e ./SDK/platform/drivers/src/edma/edma_driver.o
                0x013a59d4                EDMA_DRV_SetMajorLoopIterationCount
 *fill*         0x013a59f2        0x2 
 .text.EDMA_DRV_GetRemainingMajorIterationsCount
                0x013a59f4       0x1c ./SDK/platform/drivers/src/edma/edma_driver.o
                0x013a59f4                EDMA_DRV_GetRemainingMajorIterationsCount
 .text.EDMA_DRV_DisableRequestsOnTransferComplete
                0x013a5a10       0x1e ./SDK/platform/drivers/src/edma/edma_driver.o
                0x013a5a10                EDMA_DRV_DisableRequestsOnTransferComplete
 *fill*         0x013a5a2e        0x2 
 .text.EDMA_DRV_GetDmaRegBaseAddr
                0x013a5a30        0x6 ./SDK/platform/drivers/src/edma/edma_driver.o
                0x013a5a30                EDMA_DRV_GetDmaRegBaseAddr
 *fill*         0x013a5a36        0x2 
 .text.EDMA_GetErrorIntStatusFlag
                0x013a5a38        0xa ./SDK/platform/drivers/src/edma/edma_hw_access.o
                0x013a5a38                EDMA_GetErrorIntStatusFlag
 *fill*         0x013a5a42        0x2 
 .text.EDMA_ClearErrorIntStatusFlag
                0x013a5a44        0x6 ./SDK/platform/drivers/src/edma/edma_hw_access.o
                0x013a5a44                EDMA_ClearErrorIntStatusFlag
 *fill*         0x013a5a4a        0x2 
 .text.EDMA_SetDmaRequestCmd
                0x013a5a4c       0x12 ./SDK/platform/drivers/src/edma/edma_hw_access.o
                0x013a5a4c                EDMA_SetDmaRequestCmd
 *fill*         0x013a5a5e        0x2 
 .text.EDMA_ClearDoneStatusFlag
                0x013a5a60        0x6 ./SDK/platform/drivers/src/edma/edma_hw_access.o
                0x013a5a60                EDMA_ClearDoneStatusFlag
 *fill*         0x013a5a66        0x2 
 .text.EDMA_ClearIntStatusFlag
                0x013a5a68        0x6 ./SDK/platform/drivers/src/edma/edma_hw_access.o
                0x013a5a68                EDMA_ClearIntStatusFlag
 *fill*         0x013a5a6e        0x2 
 .text.EDMA_SetMinorLoopMappingCmd
                0x013a5a70       0x14 ./SDK/platform/drivers/src/edma/edma_hw_access.o
                0x013a5a70                EDMA_SetMinorLoopMappingCmd
 .text.EDMA_TCDClearReg
                0x013a5a84       0x34 ./SDK/platform/drivers/src/edma/edma_hw_access.o
                0x013a5a84                EDMA_TCDClearReg
 .text.EDMA_TCDSetSrcAddr
                0x013a5ab8        0xc ./SDK/platform/drivers/src/edma/edma_hw_access.o
                0x013a5ab8                EDMA_TCDSetSrcAddr
 .text.EDMA_TCDSetSrcOffset
                0x013a5ac4        0xe ./SDK/platform/drivers/src/edma/edma_hw_access.o
                0x013a5ac4                EDMA_TCDSetSrcOffset
 *fill*         0x013a5ad2        0x2 
 .text.EDMA_TCDSetAttribute
                0x013a5ad4       0x24 ./SDK/platform/drivers/src/edma/edma_hw_access.o
                0x013a5ad4                EDMA_TCDSetAttribute
 .text.EDMA_TCDSetNbytes
                0x013a5af8       0x42 ./SDK/platform/drivers/src/edma/edma_hw_access.o
                0x013a5af8                EDMA_TCDSetNbytes
 *fill*         0x013a5b3a        0x2 
 .text.EDMA_TCDSetDestAddr
                0x013a5b3c        0xa ./SDK/platform/drivers/src/edma/edma_hw_access.o
                0x013a5b3c                EDMA_TCDSetDestAddr
 *fill*         0x013a5b46        0x2 
 .text.EDMA_TCDSetDestOffset
                0x013a5b48        0xc ./SDK/platform/drivers/src/edma/edma_hw_access.o
                0x013a5b48                EDMA_TCDSetDestOffset
 .text.EDMA_TCDSetDisableDmaRequestAfterTCDDoneCmd
                0x013a5b54       0x26 ./SDK/platform/drivers/src/edma/edma_hw_access.o
                0x013a5b54                EDMA_TCDSetDisableDmaRequestAfterTCDDoneCmd
 *fill*         0x013a5b7a        0x2 
 .text.EDMA_TCDSetMajorCompleteIntCmd
                0x013a5b7c       0x26 ./SDK/platform/drivers/src/edma/edma_hw_access.o
                0x013a5b7c                EDMA_TCDSetMajorCompleteIntCmd
 *fill*         0x013a5ba2        0x2 
 .text.EDMA_TCDSetMajorCount
                0x013a5ba4       0x5e ./SDK/platform/drivers/src/edma/edma_hw_access.o
                0x013a5ba4                EDMA_TCDSetMajorCount
 *fill*         0x013a5c02        0x2 
 .text.EDMA_TCDGetCurrentMajorCount
                0x013a5c04       0x2e ./SDK/platform/drivers/src/edma/edma_hw_access.o
                0x013a5c04                EDMA_TCDGetCurrentMajorCount
 *fill*         0x013a5c32        0x2 
 .text.DMA0_Ch0_IRQHandler
                0x013a5c34       0x16 ./SDK/platform/drivers/src/edma/edma_irq.o
                0x013a5c34                DMA0_Ch0_IRQHandler
 *fill*         0x013a5c4a        0x2 
 .text.DMA0_Ch1_IRQHandler
                0x013a5c4c       0x16 ./SDK/platform/drivers/src/edma/edma_irq.o
                0x013a5c4c                DMA0_Ch1_IRQHandler
 *fill*         0x013a5c62        0x2 
 .text.DMA0_Ch2_IRQHandler
                0x013a5c64       0x16 ./SDK/platform/drivers/src/edma/edma_irq.o
                0x013a5c64                DMA0_Ch2_IRQHandler
 *fill*         0x013a5c7a        0x2 
 .text.DMA0_Ch3_IRQHandler
                0x013a5c7c       0x16 ./SDK/platform/drivers/src/edma/edma_irq.o
                0x013a5c7c                DMA0_Ch3_IRQHandler
 *fill*         0x013a5c92        0x2 
 .text.DMA0_Ch4_IRQHandler
                0x013a5c94       0x16 ./SDK/platform/drivers/src/edma/edma_irq.o
                0x013a5c94                DMA0_Ch4_IRQHandler
 *fill*         0x013a5caa        0x2 
 .text.DMA0_Ch5_IRQHandler
                0x013a5cac       0x16 ./SDK/platform/drivers/src/edma/edma_irq.o
                0x013a5cac                DMA0_Ch5_IRQHandler
 *fill*         0x013a5cc2        0x2 
 .text.DMA0_Ch6_IRQHandler
                0x013a5cc4       0x16 ./SDK/platform/drivers/src/edma/edma_irq.o
                0x013a5cc4                DMA0_Ch6_IRQHandler
 *fill*         0x013a5cda        0x2 
 .text.DMA0_Ch7_IRQHandler
                0x013a5cdc       0x16 ./SDK/platform/drivers/src/edma/edma_irq.o
                0x013a5cdc                DMA0_Ch7_IRQHandler
 *fill*         0x013a5cf2        0x2 
 .text.DMA0_Ch8_IRQHandler
                0x013a5cf4       0x16 ./SDK/platform/drivers/src/edma/edma_irq.o
                0x013a5cf4                DMA0_Ch8_IRQHandler
 *fill*         0x013a5d0a        0x2 
 .text.DMA0_Ch9_IRQHandler
                0x013a5d0c       0x16 ./SDK/platform/drivers/src/edma/edma_irq.o
                0x013a5d0c                DMA0_Ch9_IRQHandler
 *fill*         0x013a5d22        0x2 
 .text.DMA0_Ch10_IRQHandler
                0x013a5d24       0x16 ./SDK/platform/drivers/src/edma/edma_irq.o
                0x013a5d24                DMA0_Ch10_IRQHandler
 *fill*         0x013a5d3a        0x2 
 .text.DMA0_Ch11_IRQHandler
                0x013a5d3c       0x16 ./SDK/platform/drivers/src/edma/edma_irq.o
                0x013a5d3c                DMA0_Ch11_IRQHandler
 *fill*         0x013a5d52        0x2 
 .text.DMA0_Ch12_IRQHandler
                0x013a5d54       0x16 ./SDK/platform/drivers/src/edma/edma_irq.o
                0x013a5d54                DMA0_Ch12_IRQHandler
 *fill*         0x013a5d6a        0x2 
 .text.DMA0_Ch13_IRQHandler
                0x013a5d6c       0x16 ./SDK/platform/drivers/src/edma/edma_irq.o
                0x013a5d6c                DMA0_Ch13_IRQHandler
 *fill*         0x013a5d82        0x2 
 .text.DMA0_Ch14_IRQHandler
                0x013a5d84       0x16 ./SDK/platform/drivers/src/edma/edma_irq.o
                0x013a5d84                DMA0_Ch14_IRQHandler
 *fill*         0x013a5d9a        0x2 
 .text.DMA0_Ch15_IRQHandler
                0x013a5d9c       0x16 ./SDK/platform/drivers/src/edma/edma_irq.o
                0x013a5d9c                DMA0_Ch15_IRQHandler
 *fill*         0x013a5db2        0x2 
 .text.DMA0_Ch16_IRQHandler
                0x013a5db4       0x16 ./SDK/platform/drivers/src/edma/edma_irq.o
                0x013a5db4                DMA0_Ch16_IRQHandler
 *fill*         0x013a5dca        0x2 
 .text.DMA0_Ch17_IRQHandler
                0x013a5dcc       0x16 ./SDK/platform/drivers/src/edma/edma_irq.o
                0x013a5dcc                DMA0_Ch17_IRQHandler
 *fill*         0x013a5de2        0x2 
 .text.DMA0_Ch18_IRQHandler
                0x013a5de4       0x16 ./SDK/platform/drivers/src/edma/edma_irq.o
                0x013a5de4                DMA0_Ch18_IRQHandler
 *fill*         0x013a5dfa        0x2 
 .text.DMA0_Ch19_IRQHandler
                0x013a5dfc       0x16 ./SDK/platform/drivers/src/edma/edma_irq.o
                0x013a5dfc                DMA0_Ch19_IRQHandler
 *fill*         0x013a5e12        0x2 
 .text.DMA0_Ch20_IRQHandler
                0x013a5e14       0x16 ./SDK/platform/drivers/src/edma/edma_irq.o
                0x013a5e14                DMA0_Ch20_IRQHandler
 *fill*         0x013a5e2a        0x2 
 .text.DMA0_Ch21_IRQHandler
                0x013a5e2c       0x16 ./SDK/platform/drivers/src/edma/edma_irq.o
                0x013a5e2c                DMA0_Ch21_IRQHandler
 *fill*         0x013a5e42        0x2 
 .text.DMA0_Ch22_IRQHandler
                0x013a5e44       0x16 ./SDK/platform/drivers/src/edma/edma_irq.o
                0x013a5e44                DMA0_Ch22_IRQHandler
 *fill*         0x013a5e5a        0x2 
 .text.DMA0_Ch23_IRQHandler
                0x013a5e5c       0x16 ./SDK/platform/drivers/src/edma/edma_irq.o
                0x013a5e5c                DMA0_Ch23_IRQHandler
 *fill*         0x013a5e72        0x2 
 .text.DMA0_Ch24_IRQHandler
                0x013a5e74       0x16 ./SDK/platform/drivers/src/edma/edma_irq.o
                0x013a5e74                DMA0_Ch24_IRQHandler
 *fill*         0x013a5e8a        0x2 
 .text.DMA0_Ch25_IRQHandler
                0x013a5e8c       0x16 ./SDK/platform/drivers/src/edma/edma_irq.o
                0x013a5e8c                DMA0_Ch25_IRQHandler
 *fill*         0x013a5ea2        0x2 
 .text.DMA0_Ch26_IRQHandler
                0x013a5ea4       0x16 ./SDK/platform/drivers/src/edma/edma_irq.o
                0x013a5ea4                DMA0_Ch26_IRQHandler
 *fill*         0x013a5eba        0x2 
 .text.DMA0_Ch27_IRQHandler
                0x013a5ebc       0x16 ./SDK/platform/drivers/src/edma/edma_irq.o
                0x013a5ebc                DMA0_Ch27_IRQHandler
 *fill*         0x013a5ed2        0x2 
 .text.DMA0_Ch28_IRQHandler
                0x013a5ed4       0x16 ./SDK/platform/drivers/src/edma/edma_irq.o
                0x013a5ed4                DMA0_Ch28_IRQHandler
 *fill*         0x013a5eea        0x2 
 .text.DMA0_Ch29_IRQHandler
                0x013a5eec       0x16 ./SDK/platform/drivers/src/edma/edma_irq.o
                0x013a5eec                DMA0_Ch29_IRQHandler
 *fill*         0x013a5f02        0x2 
 .text.DMA0_Ch30_IRQHandler
                0x013a5f04       0x16 ./SDK/platform/drivers/src/edma/edma_irq.o
                0x013a5f04                DMA0_Ch30_IRQHandler
 *fill*         0x013a5f1a        0x2 
 .text.DMA0_Ch31_IRQHandler
                0x013a5f1c       0x16 ./SDK/platform/drivers/src/edma/edma_irq.o
                0x013a5f1c                DMA0_Ch31_IRQHandler
 *fill*         0x013a5f32        0x2 
 .text.DMA0_Ch0_Ch31_Error_IRQHandler
                0x013a5f34       0x42 ./SDK/platform/drivers/src/edma/edma_irq.o
                0x013a5f34                DMA0_Ch0_Ch31_Error_IRQHandler
 *fill*         0x013a5f76        0x2 
 .text.EMIOS_DRV_InitGlobal
                0x013a5f78       0x94 ./SDK/platform/drivers/src/emios/emios_common.o
                0x013a5f78                EMIOS_DRV_InitGlobal
 .text.EMIOS_DRV_EnableGlobalEmios
                0x013a600c       0x1c ./SDK/platform/drivers/src/emios/emios_common.o
                0x013a600c                EMIOS_DRV_EnableGlobalEmios
 .text.EMIOS_DRV_IsOutputUpdateDisabled
                0x013a6028       0x16 ./SDK/platform/drivers/src/emios/emios_common.o
                0x013a6028                EMIOS_DRV_IsOutputUpdateDisabled
 *fill*         0x013a603e        0x2 
 .text.EMIOS_DRV_EnableAChOutputUpdate
                0x013a6040       0x1e ./SDK/platform/drivers/src/emios/emios_common.o
                0x013a6040                EMIOS_DRV_EnableAChOutputUpdate
 *fill*         0x013a605e        0x2 
 .text.EMIOS_ValidateMode
                0x013a6060       0x22 ./SDK/platform/drivers/src/emios/emios_hw_access.o
                0x013a6060                EMIOS_ValidateMode
 *fill*         0x013a6082        0x2 
 .text.EMIOS_ValidateChannel
                0x013a6084       0x40 ./SDK/platform/drivers/src/emios/emios_hw_access.o
                0x013a6084                EMIOS_ValidateChannel
 .text.EMIOS_DRV_MC_InitCounterMode
                0x013a60c4      0x21c ./SDK/platform/drivers/src/emios/emios_mc_driver.o
                0x013a60c4                EMIOS_DRV_MC_InitCounterMode
 .text.EMIOS_DRV_MC_GetCounterPeriod
                0x013a62e0       0x92 ./SDK/platform/drivers/src/emios/emios_mc_driver.o
                0x013a62e0                EMIOS_DRV_MC_GetCounterPeriod
 *fill*         0x013a6372        0x2 
 .text.EMIOS_DRV_PWM_CalibrationDutyCycle
                0x013a6374       0x7c ./SDK/platform/drivers/src/emios/emios_pwm_driver.o
 .text.EMIOS_DRV_PWM_InitMode
                0x013a63f0      0x57a ./SDK/platform/drivers/src/emios/emios_pwm_driver.o
                0x013a63f0                EMIOS_DRV_PWM_InitMode
 *fill*         0x013a696a        0x2 
 .text.EMIOS_DRV_PWM_SetLeadingEdgePlacement
                0x013a696c       0xf2 ./SDK/platform/drivers/src/emios/emios_pwm_driver.o
                0x013a696c                EMIOS_DRV_PWM_SetLeadingEdgePlacement
 *fill*         0x013a6a5e        0x2 
 .text.EMIOS_DRV_PWM_SetTrailingEdgePlacement
                0x013a6a60       0x52 ./SDK/platform/drivers/src/emios/emios_pwm_driver.o
                0x013a6a60                EMIOS_DRV_PWM_SetTrailingEdgePlacement
 *fill*         0x013a6ab2        0x2 
 .text.EMIOS_DRV_PWM_SetDutyCycle
                0x013a6ab4      0x286 ./SDK/platform/drivers/src/emios/emios_pwm_driver.o
                0x013a6ab4                EMIOS_DRV_PWM_SetDutyCycle
 *fill*         0x013a6d3a        0x2 
 .text.FLEXCAN_StartRxMessageBufferData
                0x013a6d3c       0x9c ./SDK/platform/drivers/src/flexcan/flexcan_driver.o
 .text.FLEXCAN_CompleteRxMessageFifoData
                0x013a6dd8       0xd2 ./SDK/platform/drivers/src/flexcan/flexcan_driver.o
 *fill*         0x013a6eaa        0x2 
 .text.FLEXCAN_CompleteRxFifoDataDMA
                0x013a6eac       0x4c ./SDK/platform/drivers/src/flexcan/flexcan_driver.o
 .text.FLEXCAN_CompleteTransfer
                0x013a6ef8       0x56 ./SDK/platform/drivers/src/flexcan/flexcan_driver.o
 *fill*         0x013a6f4e        0x2 
 .text.FLEXCAN_StartRxMessageFifoData
                0x013a6f50      0x12c ./SDK/platform/drivers/src/flexcan/flexcan_driver.o
 .text.FLEXCAN_DRV_Init
                0x013a707c      0x3f6 ./SDK/platform/drivers/src/flexcan/flexcan_driver.o
                0x013a707c                FLEXCAN_DRV_Init
 *fill*         0x013a7472        0x2 
 .text.FLEXCAN_DRV_ConfigRxMb
                0x013a7474       0xa4 ./SDK/platform/drivers/src/flexcan/flexcan_driver.o
                0x013a7474                FLEXCAN_DRV_ConfigRxMb
 .text.FLEXCAN_DRV_ConfigRxFifo
                0x013a7518       0x40 ./SDK/platform/drivers/src/flexcan/flexcan_driver.o
                0x013a7518                FLEXCAN_DRV_ConfigRxFifo
 .text.FLEXCAN_DRV_Receive
                0x013a7558       0x16 ./SDK/platform/drivers/src/flexcan/flexcan_driver.o
                0x013a7558                FLEXCAN_DRV_Receive
 *fill*         0x013a756e        0x2 
 .text.FLEXCAN_DRV_RxFifo
                0x013a7570       0x16 ./SDK/platform/drivers/src/flexcan/flexcan_driver.o
                0x013a7570                FLEXCAN_DRV_RxFifo
 *fill*         0x013a7586        0x2 
 .text.FLEXCAN_IRQHandler
                0x013a7588      0x2ec ./SDK/platform/drivers/src/flexcan/flexcan_driver.o
                0x013a7588                FLEXCAN_IRQHandler
 .text.FLEXCAN_Error_IRQHandler
                0x013a7874       0x46 ./SDK/platform/drivers/src/flexcan/flexcan_driver.o
                0x013a7874                FLEXCAN_Error_IRQHandler
 *fill*         0x013a78ba        0x2 
 .text.FLEXCAN_WakeUpHandler
                0x013a78bc       0x90 ./SDK/platform/drivers/src/flexcan/flexcan_driver.o
                0x013a78bc                FLEXCAN_WakeUpHandler
 .text.FLEXCAN_DRV_GetTransferStatus
                0x013a794c       0x30 ./SDK/platform/drivers/src/flexcan/flexcan_driver.o
                0x013a794c                FLEXCAN_DRV_GetTransferStatus
 .text.FLEXCAN_DRV_InstallEventCallback
                0x013a797c       0x18 ./SDK/platform/drivers/src/flexcan/flexcan_driver.o
                0x013a797c                FLEXCAN_DRV_InstallEventCallback
 .text.FLEXCAN_ComputePayloadSize
                0x013a7994       0x4c ./SDK/platform/drivers/src/flexcan/flexcan_hw_access.o
 .text.FLEXCAN_GetMaxMbNum
                0x013a79e0       0x30 ./SDK/platform/drivers/src/flexcan/flexcan_hw_access.o
                0x013a79e0                FLEXCAN_GetMaxMbNum
 .text.FLEXCAN_Enable
                0x013a7a10       0x24 ./SDK/platform/drivers/src/flexcan/flexcan_hw_access.o
                0x013a7a10                FLEXCAN_Enable
 .text.FLEXCAN_Disable
                0x013a7a34       0x18 ./SDK/platform/drivers/src/flexcan/flexcan_hw_access.o
                0x013a7a34                FLEXCAN_Disable
 .text.FLEXCAN_Init
                0x013a7a4c       0xbe ./SDK/platform/drivers/src/flexcan/flexcan_hw_access.o
                0x013a7a4c                FLEXCAN_Init
 *fill*         0x013a7b0a        0x2 
 .text.FLEXCAN_EnableRxFifo
                0x013a7b0c       0x6c ./SDK/platform/drivers/src/flexcan/flexcan_hw_access.o
                0x013a7b0c                FLEXCAN_EnableRxFifo
 .text.FLEXCAN_SetRxFifoFilter
                0x013a7b78      0x21c ./SDK/platform/drivers/src/flexcan/flexcan_hw_access.o
                0x013a7b78                FLEXCAN_SetRxFifoFilter
 .text.FLEXCAN_SetMsgBuffIntCmd
                0x013a7d94       0xd0 ./SDK/platform/drivers/src/flexcan/flexcan_hw_access.o
                0x013a7d94                FLEXCAN_SetMsgBuffIntCmd
 .text.FLEXCAN_ExitFreezeMode
                0x013a7e64       0x16 ./SDK/platform/drivers/src/flexcan/flexcan_hw_access.o
                0x013a7e64                FLEXCAN_ExitFreezeMode
 *fill*         0x013a7e7a        0x2 
 .text.FLEXCAN_EnterFreezeMode
                0x013a7e7c       0x3c ./SDK/platform/drivers/src/flexcan/flexcan_hw_access.o
                0x013a7e7c                FLEXCAN_EnterFreezeMode
 .text.FLEXCAN_ClearErrIntStatusFlag
                0x013a7eb8       0x1e ./SDK/platform/drivers/src/flexcan/flexcan_hw_access.o
                0x013a7eb8                FLEXCAN_ClearErrIntStatusFlag
 *fill*         0x013a7ed6        0x2 
 .text.FLEXCAN_ReadRxFifo
                0x013a7ed8       0x70 ./SDK/platform/drivers/src/flexcan/flexcan_hw_access.o
                0x013a7ed8                FLEXCAN_ReadRxFifo
 .text.FLEXCAN_SetOperationMode
                0x013a7f48       0x70 ./SDK/platform/drivers/src/flexcan/flexcan_hw_access.o
                0x013a7f48                FLEXCAN_SetOperationMode
 .text.FLEXCAN_SetPayloadSize
                0x013a7fb8       0x2e ./SDK/platform/drivers/src/flexcan/flexcan_hw_access.o
                0x013a7fb8                FLEXCAN_SetPayloadSize
 *fill*         0x013a7fe6        0x2 
 .text.FLEXCAN_GetPayloadSize
                0x013a7fe8       0x1e ./SDK/platform/drivers/src/flexcan/flexcan_hw_access.o
                0x013a7fe8                FLEXCAN_GetPayloadSize
 *fill*         0x013a8006        0x2 
 .text.FLEXCAN_GetMsgBuffRegion
                0x013a8008       0x50 ./SDK/platform/drivers/src/flexcan/flexcan_hw_access.o
                0x013a8008                FLEXCAN_GetMsgBuffRegion
 .text.FLEXCAN_SetTxMsgBuff
                0x013a8058      0x1be ./SDK/platform/drivers/src/flexcan/flexcan_hw_access.o
                0x013a8058                FLEXCAN_SetTxMsgBuff
 *fill*         0x013a8216        0x2 
 .text.FLEXCAN_SetRxMsgBuff
                0x013a8218       0xe4 ./SDK/platform/drivers/src/flexcan/flexcan_hw_access.o
                0x013a8218                FLEXCAN_SetRxMsgBuff
 .text.FLEXCAN_LockRxMsgBuff
                0x013a82fc       0x16 ./SDK/platform/drivers/src/flexcan/flexcan_hw_access.o
                0x013a82fc                FLEXCAN_LockRxMsgBuff
 *fill*         0x013a8312        0x2 
 .text.FLEXCAN_GetMsgBuff
                0x013a8314       0xaa ./SDK/platform/drivers/src/flexcan/flexcan_hw_access.o
                0x013a8314                FLEXCAN_GetMsgBuff
 *fill*         0x013a83be        0x2 
 .text.FLEXCAN_SetMaxMsgBuffNum
                0x013a83c0       0xd2 ./SDK/platform/drivers/src/flexcan/flexcan_hw_access.o
                0x013a83c0                FLEXCAN_SetMaxMsgBuffNum
 *fill*         0x013a8492        0x2 
 .text.CAN0_ORed_IRQHandler
                0x013a8494       0x16 ./SDK/platform/drivers/src/flexcan/flexcan_irq.o
                0x013a8494                CAN0_ORed_IRQHandler
 *fill*         0x013a84aa        0x2 
 .text.CAN0_Error_IRQHandler
                0x013a84ac       0x16 ./SDK/platform/drivers/src/flexcan/flexcan_irq.o
                0x013a84ac                CAN0_Error_IRQHandler
 *fill*         0x013a84c2        0x2 
 .text.CAN0_Wake_Up_IRQHandler
                0x013a84c4       0x16 ./SDK/platform/drivers/src/flexcan/flexcan_irq.o
                0x013a84c4                CAN0_Wake_Up_IRQHandler
 *fill*         0x013a84da        0x2 
 .text.CAN0_ORed_00_03_MB_IRQHandler
                0x013a84dc       0x16 ./SDK/platform/drivers/src/flexcan/flexcan_irq.o
                0x013a84dc                CAN0_ORed_00_03_MB_IRQHandler
 *fill*         0x013a84f2        0x2 
 .text.CAN0_ORed_04_07_MB_IRQHandler
                0x013a84f4       0x16 ./SDK/platform/drivers/src/flexcan/flexcan_irq.o
                0x013a84f4                CAN0_ORed_04_07_MB_IRQHandler
 *fill*         0x013a850a        0x2 
 .text.CAN0_ORed_08_11_MB_IRQHandler
                0x013a850c       0x16 ./SDK/platform/drivers/src/flexcan/flexcan_irq.o
                0x013a850c                CAN0_ORed_08_11_MB_IRQHandler
 *fill*         0x013a8522        0x2 
 .text.CAN0_ORed_12_15_MB_IRQHandler
                0x013a8524       0x16 ./SDK/platform/drivers/src/flexcan/flexcan_irq.o
                0x013a8524                CAN0_ORed_12_15_MB_IRQHandler
 *fill*         0x013a853a        0x2 
 .text.CAN0_ORed_16_31_MB_IRQHandler
                0x013a853c       0x16 ./SDK/platform/drivers/src/flexcan/flexcan_irq.o
                0x013a853c                CAN0_ORed_16_31_MB_IRQHandler
 *fill*         0x013a8552        0x2 
 .text.CAN0_ORed_32_63_MB_IRQHandler
                0x013a8554       0x16 ./SDK/platform/drivers/src/flexcan/flexcan_irq.o
                0x013a8554                CAN0_ORed_32_63_MB_IRQHandler
 *fill*         0x013a856a        0x2 
 .text.CAN0_ORed_64_95_MB_IRQHandler
                0x013a856c       0x16 ./SDK/platform/drivers/src/flexcan/flexcan_irq.o
                0x013a856c                CAN0_ORed_64_95_MB_IRQHandler
 *fill*         0x013a8582        0x2 
 .text.CAN1_ORed_IRQHandler
                0x013a8584       0x16 ./SDK/platform/drivers/src/flexcan/flexcan_irq.o
                0x013a8584                CAN1_ORed_IRQHandler
 *fill*         0x013a859a        0x2 
 .text.CAN1_Error_IRQHandler
                0x013a859c       0x16 ./SDK/platform/drivers/src/flexcan/flexcan_irq.o
                0x013a859c                CAN1_Error_IRQHandler
 *fill*         0x013a85b2        0x2 
 .text.CAN1_ORed_00_03_MB_IRQHandler
                0x013a85b4       0x16 ./SDK/platform/drivers/src/flexcan/flexcan_irq.o
                0x013a85b4                CAN1_ORed_00_03_MB_IRQHandler
 *fill*         0x013a85ca        0x2 
 .text.CAN1_ORed_04_07_MB_IRQHandler
                0x013a85cc       0x16 ./SDK/platform/drivers/src/flexcan/flexcan_irq.o
                0x013a85cc                CAN1_ORed_04_07_MB_IRQHandler
 *fill*         0x013a85e2        0x2 
 .text.CAN1_ORed_08_11_MB_IRQHandler
                0x013a85e4       0x16 ./SDK/platform/drivers/src/flexcan/flexcan_irq.o
                0x013a85e4                CAN1_ORed_08_11_MB_IRQHandler
 *fill*         0x013a85fa        0x2 
 .text.CAN1_ORed_12_15_MB_IRQHandler
                0x013a85fc       0x16 ./SDK/platform/drivers/src/flexcan/flexcan_irq.o
                0x013a85fc                CAN1_ORed_12_15_MB_IRQHandler
 *fill*         0x013a8612        0x2 
 .text.CAN1_ORed_16_31_MB_IRQHandler
                0x013a8614       0x16 ./SDK/platform/drivers/src/flexcan/flexcan_irq.o
                0x013a8614                CAN1_ORed_16_31_MB_IRQHandler
 *fill*         0x013a862a        0x2 
 .text.CAN1_ORed_32_63_MB_IRQHandler
                0x013a862c       0x16 ./SDK/platform/drivers/src/flexcan/flexcan_irq.o
                0x013a862c                CAN1_ORed_32_63_MB_IRQHandler
 *fill*         0x013a8642        0x2 
 .text.CAN1_ORed_64_95_MB_IRQHandler
                0x013a8644       0x16 ./SDK/platform/drivers/src/flexcan/flexcan_irq.o
                0x013a8644                CAN1_ORed_64_95_MB_IRQHandler
 *fill*         0x013a865a        0x2 
 .text.CAN2_ORed_IRQHandler
                0x013a865c       0x16 ./SDK/platform/drivers/src/flexcan/flexcan_irq.o
                0x013a865c                CAN2_ORed_IRQHandler
 *fill*         0x013a8672        0x2 
 .text.CAN2_Error_IRQHandler
                0x013a8674       0x16 ./SDK/platform/drivers/src/flexcan/flexcan_irq.o
                0x013a8674                CAN2_Error_IRQHandler
 *fill*         0x013a868a        0x2 
 .text.CAN2_ORed_00_03_MB_IRQHandler
                0x013a868c       0x16 ./SDK/platform/drivers/src/flexcan/flexcan_irq.o
                0x013a868c                CAN2_ORed_00_03_MB_IRQHandler
 *fill*         0x013a86a2        0x2 
 .text.CAN2_ORed_04_07_MB_IRQHandler
                0x013a86a4       0x16 ./SDK/platform/drivers/src/flexcan/flexcan_irq.o
                0x013a86a4                CAN2_ORed_04_07_MB_IRQHandler
 *fill*         0x013a86ba        0x2 
 .text.CAN2_ORed_08_11_MB_IRQHandler
                0x013a86bc       0x16 ./SDK/platform/drivers/src/flexcan/flexcan_irq.o
                0x013a86bc                CAN2_ORed_08_11_MB_IRQHandler
 *fill*         0x013a86d2        0x2 
 .text.CAN2_ORed_12_15_MB_IRQHandler
                0x013a86d4       0x16 ./SDK/platform/drivers/src/flexcan/flexcan_irq.o
                0x013a86d4                CAN2_ORed_12_15_MB_IRQHandler
 *fill*         0x013a86ea        0x2 
 .text.CAN2_ORed_16_31_MB_IRQHandler
                0x013a86ec       0x16 ./SDK/platform/drivers/src/flexcan/flexcan_irq.o
                0x013a86ec                CAN2_ORed_16_31_MB_IRQHandler
 *fill*         0x013a8702        0x2 
 .text.CAN2_ORed_32_63_MB_IRQHandler
                0x013a8704       0x16 ./SDK/platform/drivers/src/flexcan/flexcan_irq.o
                0x013a8704                CAN2_ORed_32_63_MB_IRQHandler
 *fill*         0x013a871a        0x2 
 .text.CAN2_ORed_64_95_MB_IRQHandler
                0x013a871c       0x16 ./SDK/platform/drivers/src/flexcan/flexcan_irq.o
                0x013a871c                CAN2_ORed_64_95_MB_IRQHandler
 *fill*         0x013a8732        0x2 
 .text.CAN3_ORed_IRQHandler
                0x013a8734       0x16 ./SDK/platform/drivers/src/flexcan/flexcan_irq.o
                0x013a8734                CAN3_ORed_IRQHandler
 *fill*         0x013a874a        0x2 
 .text.CAN3_Error_IRQHandler
                0x013a874c       0x16 ./SDK/platform/drivers/src/flexcan/flexcan_irq.o
                0x013a874c                CAN3_Error_IRQHandler
 *fill*         0x013a8762        0x2 
 .text.CAN3_ORed_00_03_MB_IRQHandler
                0x013a8764       0x16 ./SDK/platform/drivers/src/flexcan/flexcan_irq.o
                0x013a8764                CAN3_ORed_00_03_MB_IRQHandler
 *fill*         0x013a877a        0x2 
 .text.CAN3_ORed_04_07_MB_IRQHandler
                0x013a877c       0x16 ./SDK/platform/drivers/src/flexcan/flexcan_irq.o
                0x013a877c                CAN3_ORed_04_07_MB_IRQHandler
 *fill*         0x013a8792        0x2 
 .text.CAN3_ORed_08_11_MB_IRQHandler
                0x013a8794       0x16 ./SDK/platform/drivers/src/flexcan/flexcan_irq.o
                0x013a8794                CAN3_ORed_08_11_MB_IRQHandler
 *fill*         0x013a87aa        0x2 
 .text.CAN3_ORed_12_15_MB_IRQHandler
                0x013a87ac       0x16 ./SDK/platform/drivers/src/flexcan/flexcan_irq.o
                0x013a87ac                CAN3_ORed_12_15_MB_IRQHandler
 *fill*         0x013a87c2        0x2 
 .text.CAN3_ORed_16_31_MB_IRQHandler
                0x013a87c4       0x16 ./SDK/platform/drivers/src/flexcan/flexcan_irq.o
                0x013a87c4                CAN3_ORed_16_31_MB_IRQHandler
 *fill*         0x013a87da        0x2 
 .text.CAN3_ORed_32_63_MB_IRQHandler
                0x013a87dc       0x16 ./SDK/platform/drivers/src/flexcan/flexcan_irq.o
                0x013a87dc                CAN3_ORed_32_63_MB_IRQHandler
 *fill*         0x013a87f2        0x2 
 .text.CAN3_ORed_64_95_MB_IRQHandler
                0x013a87f4       0x16 ./SDK/platform/drivers/src/flexcan/flexcan_irq.o
                0x013a87f4                CAN3_ORed_64_95_MB_IRQHandler
 *fill*         0x013a880a        0x2 
 .text.CAN4_ORed_IRQHandler
                0x013a880c       0x16 ./SDK/platform/drivers/src/flexcan/flexcan_irq.o
                0x013a880c                CAN4_ORed_IRQHandler
 *fill*         0x013a8822        0x2 
 .text.CAN4_Error_IRQHandler
                0x013a8824       0x16 ./SDK/platform/drivers/src/flexcan/flexcan_irq.o
                0x013a8824                CAN4_Error_IRQHandler
 *fill*         0x013a883a        0x2 
 .text.CAN4_ORed_00_03_MB_IRQHandler
                0x013a883c       0x16 ./SDK/platform/drivers/src/flexcan/flexcan_irq.o
                0x013a883c                CAN4_ORed_00_03_MB_IRQHandler
 *fill*         0x013a8852        0x2 
 .text.CAN4_ORed_04_07_MB_IRQHandler
                0x013a8854       0x16 ./SDK/platform/drivers/src/flexcan/flexcan_irq.o
                0x013a8854                CAN4_ORed_04_07_MB_IRQHandler
 *fill*         0x013a886a        0x2 
 .text.CAN4_ORed_08_11_MB_IRQHandler
                0x013a886c       0x16 ./SDK/platform/drivers/src/flexcan/flexcan_irq.o
                0x013a886c                CAN4_ORed_08_11_MB_IRQHandler
 *fill*         0x013a8882        0x2 
 .text.CAN4_ORed_12_15_MB_IRQHandler
                0x013a8884       0x16 ./SDK/platform/drivers/src/flexcan/flexcan_irq.o
                0x013a8884                CAN4_ORed_12_15_MB_IRQHandler
 *fill*         0x013a889a        0x2 
 .text.CAN4_ORed_16_31_MB_IRQHandler
                0x013a889c       0x16 ./SDK/platform/drivers/src/flexcan/flexcan_irq.o
                0x013a889c                CAN4_ORed_16_31_MB_IRQHandler
 *fill*         0x013a88b2        0x2 
 .text.CAN4_ORed_32_63_MB_IRQHandler
                0x013a88b4       0x16 ./SDK/platform/drivers/src/flexcan/flexcan_irq.o
                0x013a88b4                CAN4_ORed_32_63_MB_IRQHandler
 *fill*         0x013a88ca        0x2 
 .text.CAN4_ORed_64_95_MB_IRQHandler
                0x013a88cc       0x16 ./SDK/platform/drivers/src/flexcan/flexcan_irq.o
                0x013a88cc                CAN4_ORed_64_95_MB_IRQHandler
 *fill*         0x013a88e2        0x2 
 .text.CAN5_ORed_IRQHandler
                0x013a88e4       0x16 ./SDK/platform/drivers/src/flexcan/flexcan_irq.o
                0x013a88e4                CAN5_ORed_IRQHandler
 *fill*         0x013a88fa        0x2 
 .text.CAN5_Error_IRQHandler
                0x013a88fc       0x16 ./SDK/platform/drivers/src/flexcan/flexcan_irq.o
                0x013a88fc                CAN5_Error_IRQHandler
 *fill*         0x013a8912        0x2 
 .text.CAN5_ORed_00_03_MB_IRQHandler
                0x013a8914       0x16 ./SDK/platform/drivers/src/flexcan/flexcan_irq.o
                0x013a8914                CAN5_ORed_00_03_MB_IRQHandler
 *fill*         0x013a892a        0x2 
 .text.CAN5_ORed_04_07_MB_IRQHandler
                0x013a892c       0x16 ./SDK/platform/drivers/src/flexcan/flexcan_irq.o
                0x013a892c                CAN5_ORed_04_07_MB_IRQHandler
 *fill*         0x013a8942        0x2 
 .text.CAN5_ORed_08_11_MB_IRQHandler
                0x013a8944       0x16 ./SDK/platform/drivers/src/flexcan/flexcan_irq.o
                0x013a8944                CAN5_ORed_08_11_MB_IRQHandler
 *fill*         0x013a895a        0x2 
 .text.CAN5_ORed_12_15_MB_IRQHandler
                0x013a895c       0x16 ./SDK/platform/drivers/src/flexcan/flexcan_irq.o
                0x013a895c                CAN5_ORed_12_15_MB_IRQHandler
 *fill*         0x013a8972        0x2 
 .text.CAN5_ORed_16_31_MB_IRQHandler
                0x013a8974       0x16 ./SDK/platform/drivers/src/flexcan/flexcan_irq.o
                0x013a8974                CAN5_ORed_16_31_MB_IRQHandler
 *fill*         0x013a898a        0x2 
 .text.CAN5_ORed_32_63_MB_IRQHandler
                0x013a898c       0x16 ./SDK/platform/drivers/src/flexcan/flexcan_irq.o
                0x013a898c                CAN5_ORed_32_63_MB_IRQHandler
 *fill*         0x013a89a2        0x2 
 .text.CAN5_ORed_64_95_MB_IRQHandler
                0x013a89a4       0x16 ./SDK/platform/drivers/src/flexcan/flexcan_irq.o
                0x013a89a4                CAN5_ORed_64_95_MB_IRQHandler
 *fill*         0x013a89ba        0x2 
 .text.CAN6_ORed_IRQHandler
                0x013a89bc       0x16 ./SDK/platform/drivers/src/flexcan/flexcan_irq.o
                0x013a89bc                CAN6_ORed_IRQHandler
 *fill*         0x013a89d2        0x2 
 .text.CAN6_Error_IRQHandler
                0x013a89d4       0x16 ./SDK/platform/drivers/src/flexcan/flexcan_irq.o
                0x013a89d4                CAN6_Error_IRQHandler
 *fill*         0x013a89ea        0x2 
 .text.CAN6_ORed_00_03_MB_IRQHandler
                0x013a89ec       0x16 ./SDK/platform/drivers/src/flexcan/flexcan_irq.o
                0x013a89ec                CAN6_ORed_00_03_MB_IRQHandler
 *fill*         0x013a8a02        0x2 
 .text.CAN6_ORed_04_07_MB_IRQHandler
                0x013a8a04       0x16 ./SDK/platform/drivers/src/flexcan/flexcan_irq.o
                0x013a8a04                CAN6_ORed_04_07_MB_IRQHandler
 *fill*         0x013a8a1a        0x2 
 .text.CAN6_ORed_08_11_MB_IRQHandler
                0x013a8a1c       0x16 ./SDK/platform/drivers/src/flexcan/flexcan_irq.o
                0x013a8a1c                CAN6_ORed_08_11_MB_IRQHandler
 *fill*         0x013a8a32        0x2 
 .text.CAN6_ORed_12_15_MB_IRQHandler
                0x013a8a34       0x16 ./SDK/platform/drivers/src/flexcan/flexcan_irq.o
                0x013a8a34                CAN6_ORed_12_15_MB_IRQHandler
 *fill*         0x013a8a4a        0x2 
 .text.CAN6_ORed_16_31_MB_IRQHandler
                0x013a8a4c       0x16 ./SDK/platform/drivers/src/flexcan/flexcan_irq.o
                0x013a8a4c                CAN6_ORed_16_31_MB_IRQHandler
 *fill*         0x013a8a62        0x2 
 .text.CAN6_ORed_32_63_MB_IRQHandler
                0x013a8a64       0x16 ./SDK/platform/drivers/src/flexcan/flexcan_irq.o
                0x013a8a64                CAN6_ORed_32_63_MB_IRQHandler
 *fill*         0x013a8a7a        0x2 
 .text.CAN6_ORed_64_95_MB_IRQHandler
                0x013a8a7c       0x16 ./SDK/platform/drivers/src/flexcan/flexcan_irq.o
                0x013a8a7c                CAN6_ORed_64_95_MB_IRQHandler
 *fill*         0x013a8a92        0x2 
 .text.CAN7_ORed_IRQHandler
                0x013a8a94       0x16 ./SDK/platform/drivers/src/flexcan/flexcan_irq.o
                0x013a8a94                CAN7_ORed_IRQHandler
 *fill*         0x013a8aaa        0x2 
 .text.CAN7_Error_IRQHandler
                0x013a8aac       0x16 ./SDK/platform/drivers/src/flexcan/flexcan_irq.o
                0x013a8aac                CAN7_Error_IRQHandler
 *fill*         0x013a8ac2        0x2 
 .text.CAN7_ORed_00_03_MB_IRQHandler
                0x013a8ac4       0x16 ./SDK/platform/drivers/src/flexcan/flexcan_irq.o
                0x013a8ac4                CAN7_ORed_00_03_MB_IRQHandler
 *fill*         0x013a8ada        0x2 
 .text.CAN7_ORed_04_07_MB_IRQHandler
                0x013a8adc       0x16 ./SDK/platform/drivers/src/flexcan/flexcan_irq.o
                0x013a8adc                CAN7_ORed_04_07_MB_IRQHandler
 *fill*         0x013a8af2        0x2 
 .text.CAN7_ORed_08_11_MB_IRQHandler
                0x013a8af4       0x16 ./SDK/platform/drivers/src/flexcan/flexcan_irq.o
                0x013a8af4                CAN7_ORed_08_11_MB_IRQHandler
 *fill*         0x013a8b0a        0x2 
 .text.CAN7_ORed_12_15_MB_IRQHandler
                0x013a8b0c       0x16 ./SDK/platform/drivers/src/flexcan/flexcan_irq.o
                0x013a8b0c                CAN7_ORed_12_15_MB_IRQHandler
 *fill*         0x013a8b22        0x2 
 .text.CAN7_ORed_16_31_MB_IRQHandler
                0x013a8b24       0x16 ./SDK/platform/drivers/src/flexcan/flexcan_irq.o
                0x013a8b24                CAN7_ORed_16_31_MB_IRQHandler
 *fill*         0x013a8b3a        0x2 
 .text.CAN7_ORed_32_63_MB_IRQHandler
                0x013a8b3c       0x16 ./SDK/platform/drivers/src/flexcan/flexcan_irq.o
                0x013a8b3c                CAN7_ORed_32_63_MB_IRQHandler
 *fill*         0x013a8b52        0x2 
 .text.CAN7_ORed_64_95_MB_IRQHandler
                0x013a8b54       0x16 ./SDK/platform/drivers/src/flexcan/flexcan_irq.o
                0x013a8b54                CAN7_ORed_64_95_MB_IRQHandler
 *fill*         0x013a8b6a        0x2 
 .text.INT_SYS_InstallHandler
                0x013a8b6c       0x28 ./SDK/platform/drivers/src/interrupt/interrupt_manager_MPC57xx.o
                0x013a8b6c                INT_SYS_InstallHandler
 .text.INT_SYS_EnableIRQ
                0x013a8b94       0x2e ./SDK/platform/drivers/src/interrupt/interrupt_manager_MPC57xx.o
                0x013a8b94                INT_SYS_EnableIRQ
 *fill*         0x013a8bc2        0x2 
 .text.INT_SYS_EnableIRQGlobal
                0x013a8bc4       0x26 ./SDK/platform/drivers/src/interrupt/interrupt_manager_MPC57xx.o
                0x013a8bc4                INT_SYS_EnableIRQGlobal
 *fill*         0x013a8bea        0x2 
 .text.INT_SYS_DisableIRQGlobal
                0x013a8bec       0x10 ./SDK/platform/drivers/src/interrupt/interrupt_manager_MPC57xx.o
                0x013a8bec                INT_SYS_DisableIRQGlobal
 .text.LINFLEXD_UART_DRV_StartReceiveUsingInterrupts
                0x013a8bfc       0x56 ./SDK/platform/drivers/src/linflexd/linflexd_uart_driver.o
 *fill*         0x013a8c52        0x2 
 .text.LINFLEXD_UART_DRV_PutData
                0x013a8c54       0x84 ./SDK/platform/drivers/src/linflexd/linflexd_uart_driver.o
 .text.LINFLEXD_UART_DRV_StartSendUsingInterrupts
                0x013a8cd8       0x66 ./SDK/platform/drivers/src/linflexd/linflexd_uart_driver.o
 *fill*         0x013a8d3e        0x2 
 .text.LINFLEXD_UART_DRV_StartSendUsingDma
                0x013a8d40       0xdc ./SDK/platform/drivers/src/linflexd/linflexd_uart_driver.o
 .text.LINFLEXD_UART_DRV_StartReceiveUsingDma
                0x013a8e1c      0x10a ./SDK/platform/drivers/src/linflexd/linflexd_uart_driver.o
 *fill*         0x013a8f26        0x2 
 .text.LINFLEXD_UART_DRV_CompleteSendUsingInterrupts
                0x013a8f28       0x5e ./SDK/platform/drivers/src/linflexd/linflexd_uart_driver.o
 *fill*         0x013a8f86        0x2 
 .text.LINFLEXD_UART_DRV_CompleteReceiveUsingInterrupts
                0x013a8f88       0x68 ./SDK/platform/drivers/src/linflexd/linflexd_uart_driver.o
 .text.LINFLEXD_UART_DRV_CompleteSendUsingDma
                0x013a8ff0       0xf2 ./SDK/platform/drivers/src/linflexd/linflexd_uart_driver.o
 *fill*         0x013a90e2        0x2 
 .text.LINFLEXD_UART_DRV_CompleteReceiveUsingDma
                0x013a90e4      0x112 ./SDK/platform/drivers/src/linflexd/linflexd_uart_driver.o
 *fill*         0x013a91f6        0x2 
 .text.LINFLEXD_UART_DRV_SetBaudRate
                0x013a91f8      0x104 ./SDK/platform/drivers/src/linflexd/linflexd_uart_driver.o
                0x013a91f8                LINFLEXD_UART_DRV_SetBaudRate
 .text.LINFLEXD_UART_DRV_InstallRxCallback
                0x013a92fc       0x16 ./SDK/platform/drivers/src/linflexd/linflexd_uart_driver.o
                0x013a92fc                LINFLEXD_UART_DRV_InstallRxCallback
 *fill*         0x013a9312        0x2 
 .text.LINFLEXD_UART_DRV_InstallTxCallback
                0x013a9314       0x16 ./SDK/platform/drivers/src/linflexd/linflexd_uart_driver.o
                0x013a9314                LINFLEXD_UART_DRV_InstallTxCallback
 *fill*         0x013a932a        0x2 
 .text.LINFLEXD_UART_DRV_Init
                0x013a932c      0x22a ./SDK/platform/drivers/src/linflexd/linflexd_uart_driver.o
                0x013a932c                LINFLEXD_UART_DRV_Init
 *fill*         0x013a9556        0x2 
 .text.LINFLEXD_UART_DRV_SendDataBlocking
                0x013a9558       0x84 ./SDK/platform/drivers/src/linflexd/linflexd_uart_driver.o
                0x013a9558                LINFLEXD_UART_DRV_SendDataBlocking
 .text.LINFLEXD_UART_DRV_ReceiveData
                0x013a95dc       0x3a ./SDK/platform/drivers/src/linflexd/linflexd_uart_driver.o
                0x013a95dc                LINFLEXD_UART_DRV_ReceiveData
 *fill*         0x013a9616        0x2 
 .text.LINFLEXD_UART_DRV_GetReceiveStatus
                0x013a9618       0x5e ./SDK/platform/drivers/src/linflexd/linflexd_uart_driver.o
                0x013a9618                LINFLEXD_UART_DRV_GetReceiveStatus
 *fill*         0x013a9676        0x2 
 .text.LINFLEXD_UART_DRV_RxIRQHandler
                0x013a9678       0xde ./SDK/platform/drivers/src/linflexd/linflexd_uart_driver.o
                0x013a9678                LINFLEXD_UART_DRV_RxIRQHandler
 *fill*         0x013a9756        0x2 
 .text.LINFLEXD_UART_DRV_TxIRQHandler
                0x013a9758       0x92 ./SDK/platform/drivers/src/linflexd/linflexd_uart_driver.o
                0x013a9758                LINFLEXD_UART_DRV_TxIRQHandler
 *fill*         0x013a97ea        0x2 
 .text.LINFLEXD_UART_DRV_ErrIRQHandler
                0x013a97ec       0x8e ./SDK/platform/drivers/src/linflexd/linflexd_uart_driver.o
                0x013a97ec                LINFLEXD_UART_DRV_ErrIRQHandler
 *fill*         0x013a987a        0x2 
 .text.LINFLEXD0_UART_RxIRQHandler
                0x013a987c       0x16 ./SDK/platform/drivers/src/linflexd/linflexd_uart_irq.o
                0x013a987c                LINFLEXD0_UART_RxIRQHandler
 *fill*         0x013a9892        0x2 
 .text.LINFLEXD1_UART_RxIRQHandler
                0x013a9894       0x16 ./SDK/platform/drivers/src/linflexd/linflexd_uart_irq.o
                0x013a9894                LINFLEXD1_UART_RxIRQHandler
 *fill*         0x013a98aa        0x2 
 .text.LINFLEXD2_UART_RxIRQHandler
                0x013a98ac       0x16 ./SDK/platform/drivers/src/linflexd/linflexd_uart_irq.o
                0x013a98ac                LINFLEXD2_UART_RxIRQHandler
 *fill*         0x013a98c2        0x2 
 .text.LINFLEXD3_UART_RxIRQHandler
                0x013a98c4       0x16 ./SDK/platform/drivers/src/linflexd/linflexd_uart_irq.o
                0x013a98c4                LINFLEXD3_UART_RxIRQHandler
 *fill*         0x013a98da        0x2 
 .text.LINFLEXD4_UART_RxIRQHandler
                0x013a98dc       0x16 ./SDK/platform/drivers/src/linflexd/linflexd_uart_irq.o
                0x013a98dc                LINFLEXD4_UART_RxIRQHandler
 *fill*         0x013a98f2        0x2 
 .text.LINFLEXD5_UART_RxIRQHandler
                0x013a98f4       0x16 ./SDK/platform/drivers/src/linflexd/linflexd_uart_irq.o
                0x013a98f4                LINFLEXD5_UART_RxIRQHandler
 *fill*         0x013a990a        0x2 
 .text.LINFLEXD6_UART_RxIRQHandler
                0x013a990c       0x16 ./SDK/platform/drivers/src/linflexd/linflexd_uart_irq.o
                0x013a990c                LINFLEXD6_UART_RxIRQHandler
 *fill*         0x013a9922        0x2 
 .text.LINFLEXD7_UART_RxIRQHandler
                0x013a9924       0x16 ./SDK/platform/drivers/src/linflexd/linflexd_uart_irq.o
                0x013a9924                LINFLEXD7_UART_RxIRQHandler
 *fill*         0x013a993a        0x2 
 .text.LINFLEXD8_UART_RxIRQHandler
                0x013a993c       0x16 ./SDK/platform/drivers/src/linflexd/linflexd_uart_irq.o
                0x013a993c                LINFLEXD8_UART_RxIRQHandler
 *fill*         0x013a9952        0x2 
 .text.LINFLEXD9_UART_RxIRQHandler
                0x013a9954       0x16 ./SDK/platform/drivers/src/linflexd/linflexd_uart_irq.o
                0x013a9954                LINFLEXD9_UART_RxIRQHandler
 *fill*         0x013a996a        0x2 
 .text.LINFLEXD10_UART_RxIRQHandler
                0x013a996c       0x16 ./SDK/platform/drivers/src/linflexd/linflexd_uart_irq.o
                0x013a996c                LINFLEXD10_UART_RxIRQHandler
 *fill*         0x013a9982        0x2 
 .text.LINFLEXD11_UART_RxIRQHandler
                0x013a9984       0x16 ./SDK/platform/drivers/src/linflexd/linflexd_uart_irq.o
                0x013a9984                LINFLEXD11_UART_RxIRQHandler
 *fill*         0x013a999a        0x2 
 .text.LINFLEXD12_UART_RxIRQHandler
                0x013a999c       0x16 ./SDK/platform/drivers/src/linflexd/linflexd_uart_irq.o
                0x013a999c                LINFLEXD12_UART_RxIRQHandler
 *fill*         0x013a99b2        0x2 
 .text.LINFLEXD13_UART_RxIRQHandler
                0x013a99b4       0x16 ./SDK/platform/drivers/src/linflexd/linflexd_uart_irq.o
                0x013a99b4                LINFLEXD13_UART_RxIRQHandler
 *fill*         0x013a99ca        0x2 
 .text.LINFLEXD14_UART_RxIRQHandler
                0x013a99cc       0x16 ./SDK/platform/drivers/src/linflexd/linflexd_uart_irq.o
                0x013a99cc                LINFLEXD14_UART_RxIRQHandler
 *fill*         0x013a99e2        0x2 
 .text.LINFLEXD15_UART_RxIRQHandler
                0x013a99e4       0x16 ./SDK/platform/drivers/src/linflexd/linflexd_uart_irq.o
                0x013a99e4                LINFLEXD15_UART_RxIRQHandler
 *fill*         0x013a99fa        0x2 
 .text.LINFLEXD16_UART_RxIRQHandler
                0x013a99fc       0x16 ./SDK/platform/drivers/src/linflexd/linflexd_uart_irq.o
                0x013a99fc                LINFLEXD16_UART_RxIRQHandler
 *fill*         0x013a9a12        0x2 
 .text.LINFLEXD17_UART_RxIRQHandler
                0x013a9a14       0x16 ./SDK/platform/drivers/src/linflexd/linflexd_uart_irq.o
                0x013a9a14                LINFLEXD17_UART_RxIRQHandler
 *fill*         0x013a9a2a        0x2 
 .text.LINFLEXD0_UART_TxIRQHandler
                0x013a9a2c       0x16 ./SDK/platform/drivers/src/linflexd/linflexd_uart_irq.o
                0x013a9a2c                LINFLEXD0_UART_TxIRQHandler
 *fill*         0x013a9a42        0x2 
 .text.LINFLEXD1_UART_TxIRQHandler
                0x013a9a44       0x16 ./SDK/platform/drivers/src/linflexd/linflexd_uart_irq.o
                0x013a9a44                LINFLEXD1_UART_TxIRQHandler
 *fill*         0x013a9a5a        0x2 
 .text.LINFLEXD2_UART_TxIRQHandler
                0x013a9a5c       0x16 ./SDK/platform/drivers/src/linflexd/linflexd_uart_irq.o
                0x013a9a5c                LINFLEXD2_UART_TxIRQHandler
 *fill*         0x013a9a72        0x2 
 .text.LINFLEXD3_UART_TxIRQHandler
                0x013a9a74       0x16 ./SDK/platform/drivers/src/linflexd/linflexd_uart_irq.o
                0x013a9a74                LINFLEXD3_UART_TxIRQHandler
 *fill*         0x013a9a8a        0x2 
 .text.LINFLEXD4_UART_TxIRQHandler
                0x013a9a8c       0x16 ./SDK/platform/drivers/src/linflexd/linflexd_uart_irq.o
                0x013a9a8c                LINFLEXD4_UART_TxIRQHandler
 *fill*         0x013a9aa2        0x2 
 .text.LINFLEXD5_UART_TxIRQHandler
                0x013a9aa4       0x16 ./SDK/platform/drivers/src/linflexd/linflexd_uart_irq.o
                0x013a9aa4                LINFLEXD5_UART_TxIRQHandler
 *fill*         0x013a9aba        0x2 
 .text.LINFLEXD6_UART_TxIRQHandler
                0x013a9abc       0x16 ./SDK/platform/drivers/src/linflexd/linflexd_uart_irq.o
                0x013a9abc                LINFLEXD6_UART_TxIRQHandler
 *fill*         0x013a9ad2        0x2 
 .text.LINFLEXD7_UART_TxIRQHandler
                0x013a9ad4       0x16 ./SDK/platform/drivers/src/linflexd/linflexd_uart_irq.o
                0x013a9ad4                LINFLEXD7_UART_TxIRQHandler
 *fill*         0x013a9aea        0x2 
 .text.LINFLEXD8_UART_TxIRQHandler
                0x013a9aec       0x16 ./SDK/platform/drivers/src/linflexd/linflexd_uart_irq.o
                0x013a9aec                LINFLEXD8_UART_TxIRQHandler
 *fill*         0x013a9b02        0x2 
 .text.LINFLEXD9_UART_TxIRQHandler
                0x013a9b04       0x16 ./SDK/platform/drivers/src/linflexd/linflexd_uart_irq.o
                0x013a9b04                LINFLEXD9_UART_TxIRQHandler
 *fill*         0x013a9b1a        0x2 
 .text.LINFLEXD10_UART_TxIRQHandler
                0x013a9b1c       0x16 ./SDK/platform/drivers/src/linflexd/linflexd_uart_irq.o
                0x013a9b1c                LINFLEXD10_UART_TxIRQHandler
 *fill*         0x013a9b32        0x2 
 .text.LINFLEXD11_UART_TxIRQHandler
                0x013a9b34       0x16 ./SDK/platform/drivers/src/linflexd/linflexd_uart_irq.o
                0x013a9b34                LINFLEXD11_UART_TxIRQHandler
 *fill*         0x013a9b4a        0x2 
 .text.LINFLEXD12_UART_TxIRQHandler
                0x013a9b4c       0x16 ./SDK/platform/drivers/src/linflexd/linflexd_uart_irq.o
                0x013a9b4c                LINFLEXD12_UART_TxIRQHandler
 *fill*         0x013a9b62        0x2 
 .text.LINFLEXD13_UART_TxIRQHandler
                0x013a9b64       0x16 ./SDK/platform/drivers/src/linflexd/linflexd_uart_irq.o
                0x013a9b64                LINFLEXD13_UART_TxIRQHandler
 *fill*         0x013a9b7a        0x2 
 .text.LINFLEXD14_UART_TxIRQHandler
                0x013a9b7c       0x16 ./SDK/platform/drivers/src/linflexd/linflexd_uart_irq.o
                0x013a9b7c                LINFLEXD14_UART_TxIRQHandler
 *fill*         0x013a9b92        0x2 
 .text.LINFLEXD15_UART_TxIRQHandler
                0x013a9b94       0x16 ./SDK/platform/drivers/src/linflexd/linflexd_uart_irq.o
                0x013a9b94                LINFLEXD15_UART_TxIRQHandler
 *fill*         0x013a9baa        0x2 
 .text.LINFLEXD16_UART_TxIRQHandler
                0x013a9bac       0x16 ./SDK/platform/drivers/src/linflexd/linflexd_uart_irq.o
                0x013a9bac                LINFLEXD16_UART_TxIRQHandler
 *fill*         0x013a9bc2        0x2 
 .text.LINFLEXD17_UART_TxIRQHandler
                0x013a9bc4       0x16 ./SDK/platform/drivers/src/linflexd/linflexd_uart_irq.o
                0x013a9bc4                LINFLEXD17_UART_TxIRQHandler
 *fill*         0x013a9bda        0x2 
 .text.LINFLEXD0_UART_ErrIRQHandler
                0x013a9bdc       0x16 ./SDK/platform/drivers/src/linflexd/linflexd_uart_irq.o
                0x013a9bdc                LINFLEXD0_UART_ErrIRQHandler
 *fill*         0x013a9bf2        0x2 
 .text.LINFLEXD1_UART_ErrIRQHandler
                0x013a9bf4       0x16 ./SDK/platform/drivers/src/linflexd/linflexd_uart_irq.o
                0x013a9bf4                LINFLEXD1_UART_ErrIRQHandler
 *fill*         0x013a9c0a        0x2 
 .text.LINFLEXD2_UART_ErrIRQHandler
                0x013a9c0c       0x16 ./SDK/platform/drivers/src/linflexd/linflexd_uart_irq.o
                0x013a9c0c                LINFLEXD2_UART_ErrIRQHandler
 *fill*         0x013a9c22        0x2 
 .text.LINFLEXD3_UART_ErrIRQHandler
                0x013a9c24       0x16 ./SDK/platform/drivers/src/linflexd/linflexd_uart_irq.o
                0x013a9c24                LINFLEXD3_UART_ErrIRQHandler
 *fill*         0x013a9c3a        0x2 
 .text.LINFLEXD4_UART_ErrIRQHandler
                0x013a9c3c       0x16 ./SDK/platform/drivers/src/linflexd/linflexd_uart_irq.o
                0x013a9c3c                LINFLEXD4_UART_ErrIRQHandler
 *fill*         0x013a9c52        0x2 
 .text.LINFLEXD5_UART_ErrIRQHandler
                0x013a9c54       0x16 ./SDK/platform/drivers/src/linflexd/linflexd_uart_irq.o
                0x013a9c54                LINFLEXD5_UART_ErrIRQHandler
 *fill*         0x013a9c6a        0x2 
 .text.LINFLEXD6_UART_ErrIRQHandler
                0x013a9c6c       0x16 ./SDK/platform/drivers/src/linflexd/linflexd_uart_irq.o
                0x013a9c6c                LINFLEXD6_UART_ErrIRQHandler
 *fill*         0x013a9c82        0x2 
 .text.LINFLEXD7_UART_ErrIRQHandler
                0x013a9c84       0x16 ./SDK/platform/drivers/src/linflexd/linflexd_uart_irq.o
                0x013a9c84                LINFLEXD7_UART_ErrIRQHandler
 *fill*         0x013a9c9a        0x2 
 .text.LINFLEXD8_UART_ErrIRQHandler
                0x013a9c9c       0x16 ./SDK/platform/drivers/src/linflexd/linflexd_uart_irq.o
                0x013a9c9c                LINFLEXD8_UART_ErrIRQHandler
 *fill*         0x013a9cb2        0x2 
 .text.LINFLEXD9_UART_ErrIRQHandler
                0x013a9cb4       0x16 ./SDK/platform/drivers/src/linflexd/linflexd_uart_irq.o
                0x013a9cb4                LINFLEXD9_UART_ErrIRQHandler
 *fill*         0x013a9cca        0x2 
 .text.LINFLEXD10_UART_ErrIRQHandler
                0x013a9ccc       0x16 ./SDK/platform/drivers/src/linflexd/linflexd_uart_irq.o
                0x013a9ccc                LINFLEXD10_UART_ErrIRQHandler
 *fill*         0x013a9ce2        0x2 
 .text.LINFLEXD11_UART_ErrIRQHandler
                0x013a9ce4       0x16 ./SDK/platform/drivers/src/linflexd/linflexd_uart_irq.o
                0x013a9ce4                LINFLEXD11_UART_ErrIRQHandler
 *fill*         0x013a9cfa        0x2 
 .text.LINFLEXD12_UART_ErrIRQHandler
                0x013a9cfc       0x16 ./SDK/platform/drivers/src/linflexd/linflexd_uart_irq.o
                0x013a9cfc                LINFLEXD12_UART_ErrIRQHandler
 *fill*         0x013a9d12        0x2 
 .text.LINFLEXD13_UART_ErrIRQHandler
                0x013a9d14       0x16 ./SDK/platform/drivers/src/linflexd/linflexd_uart_irq.o
                0x013a9d14                LINFLEXD13_UART_ErrIRQHandler
 *fill*         0x013a9d2a        0x2 
 .text.LINFLEXD14_UART_ErrIRQHandler
                0x013a9d2c       0x16 ./SDK/platform/drivers/src/linflexd/linflexd_uart_irq.o
                0x013a9d2c                LINFLEXD14_UART_ErrIRQHandler
 *fill*         0x013a9d42        0x2 
 .text.LINFLEXD15_UART_ErrIRQHandler
                0x013a9d44       0x16 ./SDK/platform/drivers/src/linflexd/linflexd_uart_irq.o
                0x013a9d44                LINFLEXD15_UART_ErrIRQHandler
 *fill*         0x013a9d5a        0x2 
 .text.LINFLEXD16_UART_ErrIRQHandler
                0x013a9d5c       0x16 ./SDK/platform/drivers/src/linflexd/linflexd_uart_irq.o
                0x013a9d5c                LINFLEXD16_UART_ErrIRQHandler
 *fill*         0x013a9d72        0x2 
 .text.LINFLEXD17_UART_ErrIRQHandler
                0x013a9d74       0x16 ./SDK/platform/drivers/src/linflexd/linflexd_uart_irq.o
                0x013a9d74                LINFLEXD17_UART_ErrIRQHandler
 *fill*         0x013a9d8a        0x2 
 .text.PINS_DRV_Init
                0x013a9d8c       0x38 ./SDK/platform/drivers/src/pins/siul2/pins_siul2_driver.o
                0x013a9d8c                PINS_DRV_Init
 .text.PINS_DRV_SetPins
                0x013a9dc4       0x4c ./SDK/platform/drivers/src/pins/siul2/pins_siul2_driver.o
                0x013a9dc4                PINS_DRV_SetPins
 .text.PINS_DRV_ClearPins
                0x013a9e10       0x4c ./SDK/platform/drivers/src/pins/siul2/pins_siul2_driver.o
                0x013a9e10                PINS_DRV_ClearPins
 .text.PINS_DRV_ReadPins
                0x013a9e5c       0x3e ./SDK/platform/drivers/src/pins/siul2/pins_siul2_driver.o
                0x013a9e5c                PINS_DRV_ReadPins
 *fill*         0x013a9e9a        0x2 
 .text.PINS_DRV_ClearPinExIntFlag
                0x013a9e9c        0xc ./SDK/platform/drivers/src/pins/siul2/pins_siul2_driver.o
                0x013a9e9c                PINS_DRV_ClearPinExIntFlag
 .text.PINS_DRV_GetPinExIntFlag
                0x013a9ea8        0xe ./SDK/platform/drivers/src/pins/siul2/pins_siul2_driver.o
                0x013a9ea8                PINS_DRV_GetPinExIntFlag
 *fill*         0x013a9eb6        0x2 
 .text.PINS_Init
                0x013a9eb8      0x144 ./SDK/platform/drivers/src/pins/siul2/siul2_hw_access.o
                0x013a9eb8                PINS_Init
 .text.STM_DRV_Init
                0x013a9ffc       0x32 ./SDK/platform/drivers/src/stm/stm_driver.o
                0x013a9ffc                STM_DRV_Init
 *fill*         0x013aa02e        0x2 
 .text.STM_DRV_InitChannel
                0x013aa030       0x2a ./SDK/platform/drivers/src/stm/stm_driver.o
                0x013aa030                STM_DRV_InitChannel
 *fill*         0x013aa05a        0x2 
 .text.STM_DRV_StartTimer
                0x013aa05c       0x16 ./SDK/platform/drivers/src/stm/stm_driver.o
                0x013aa05c                STM_DRV_StartTimer
 *fill*         0x013aa072        0x2 
 .text.STM_DRV_ComputeTicksByUs
                0x013aa074       0x94 ./SDK/platform/drivers/src/stm/stm_driver.o
                0x013aa074                STM_DRV_ComputeTicksByUs
 .text.STM_DRV_IncrementTicks
                0x013aa108       0x30 ./SDK/platform/drivers/src/stm/stm_driver.o
                0x013aa108                STM_DRV_IncrementTicks
 .text.STM_DRV_ClearStatusFlags
                0x013aa138       0x1a ./SDK/platform/drivers/src/stm/stm_driver.o
                0x013aa138                STM_DRV_ClearStatusFlags
 *fill*         0x013aa152        0x2 
 .text.CAN_FindFlexCANState
                0x013aa154        0x4 ./SDK/platform/pal/src/can/can_pal.o
 .text.CAN_FlexInternalCallback
                0x013aa158       0xa2 ./SDK/platform/pal/src/can/can_pal.o
 *fill*         0x013aa1fa        0x2 
 .text.CAN_Init
                0x013aa1fc      0x114 ./SDK/platform/pal/src/can/can_pal.o
                0x013aa1fc                CAN_Init
 .text.CAN_ConfigRxBuff
                0x013aa310       0xb0 ./SDK/platform/pal/src/can/can_pal.o
                0x013aa310                CAN_ConfigRxBuff
 .text.CAN_Receive
                0x013aa3c0       0x7a ./SDK/platform/pal/src/can/can_pal.o
                0x013aa3c0                CAN_Receive
 *fill*         0x013aa43a        0x2 
 .text.CAN_GetTransferStatus
                0x013aa43c       0x64 ./SDK/platform/pal/src/can/can_pal.o
                0x013aa43c                CAN_GetTransferStatus
 .text.CAN_InstallEventCallback
                0x013aa4a0       0x62 ./SDK/platform/pal/src/can/can_pal.o
                0x013aa4a0                CAN_InstallEventCallback
 *fill*         0x013aa502        0x2 
 .text.PWM_Init
                0x013aa504      0x216 ./SDK/platform/pal/src/pwm/pwm_pal.o
                0x013aa504                PWM_Init
 *fill*         0x013aa71a        0x2 
 .text.PWM_UpdateDuty
                0x013aa71c      0x11a ./SDK/platform/pal/src/pwm/pwm_pal.o
                0x013aa71c                PWM_UpdateDuty
 *fill*         0x013aa836        0x2 
 .text.UART_Init
                0x013aa838      0x10c ./SDK/platform/pal/src/uart/uart_pal.o
                0x013aa838                UART_Init
 .text.UART_SendDataBlocking
                0x013aa944       0x24 ./SDK/platform/pal/src/uart/uart_pal.o
                0x013aa944                UART_SendDataBlocking
 .text.UART_ReceiveData
                0x013aa968       0x24 ./SDK/platform/pal/src/uart/uart_pal.o
                0x013aa968                UART_ReceiveData
 .text.UART_GetReceiveStatus
                0x013aa98c       0x24 ./SDK/platform/pal/src/uart/uart_pal.o
                0x013aa98c                UART_GetReceiveStatus
 .text.OSIF_PIT_IRQHandler
                0x013aa9b0       0x22 ./SDK/rtos/osif/osif_baremetal.o
                0x013aa9b0                OSIF_PIT_IRQHandler
 *fill*         0x013aa9d2        0x2 
 .text.OSIF_SemaWait
                0x013aa9d4       0xe4 ./SDK/rtos/osif/osif_baremetal.o
                0x013aa9d4                OSIF_SemaWait
 .text.OSIF_SemaPost
                0x013aaab8       0x3a ./SDK/rtos/osif/osif_baremetal.o
                0x013aaab8                OSIF_SemaPost
 *fill*         0x013aaaf2        0x2 
 .text.OSIF_SemaCreate
                0x013aaaf4       0x28 ./SDK/rtos/osif/osif_baremetal.o
                0x013aaaf4                OSIF_SemaCreate
 .text.OSIF_SemaDestroy
                0x013aab1c        0x4 ./SDK/rtos/osif/osif_baremetal.o
                0x013aab1c                OSIF_SemaDestroy
 .text.EncoderINT
                0x013aab20      0x18e ./Sources/main.o
                0x013aab20                EncoderINT
 *fill*         0x013aacae        0x2 
 .text.CAN_INT  0x013aacb0       0xd6 ./Sources/main.o
                0x013aacb0                CAN_INT
 *fill*         0x013aad86        0x2 
 .text.set_motor_direction
                0x013aad88      0x10a ./Sources/main.o
                0x013aad88                set_motor_direction
 *fill*         0x013aae92        0x2 
 .text.set_motor_speed
                0x013aae94       0x44 ./Sources/main.o
                0x013aae94                set_motor_speed
 .text.process_command
                0x013aaed8      0x382 ./Sources/main.o
                0x013aaed8                process_command
 *fill*         0x013ab25a        0x2 
 .text.STM2_Ch0_IRQHandler
                0x013ab25c      0x3da ./Sources/main.o
                0x013ab25c                STM2_Ch0_IRQHandler
 *fill*         0x013ab636        0x2 
 .text.main     0x013ab638      0x1de ./Sources/main.o
                0x013ab638                main
 .text.memcpy   0x013ab816       0x3c C:/NXP/S32DS_Power_v2.1/S32DS/build_tools/e200_ewl2/lib/e200z2/fp\libc99.a(memcpy.o)
                0x013ab816                memcpy
 *(.init)
 *fill*         0x013ab852        0x2 
 .init          0x013ab854        0xc c:/nxp/s32ds_power_v2.1/s32ds/build_tools/powerpc-eabivle-4_9/bin/../lib/gcc/powerpc-eabivle/4.9.4/e200z2/fp/ecrti.o
                0x013ab854                __init
 .init          0x013ab860        0x4 c:/nxp/s32ds_power_v2.1/s32ds/build_tools/powerpc-eabivle-4_9/bin/../lib/gcc/powerpc-eabivle/4.9.4/e200z2/fp/crtbegin.o
 .init          0x013ab864        0x4 c:/nxp/s32ds_power_v2.1/s32ds/build_tools/powerpc-eabivle-4_9/bin/../lib/gcc/powerpc-eabivle/4.9.4/e200z2/fp/crtend.o
 .init          0x013ab868        0xa c:/nxp/s32ds_power_v2.1/s32ds/build_tools/powerpc-eabivle-4_9/bin/../lib/gcc/powerpc-eabivle/4.9.4/e200z2/fp/ecrtn.o
 *(.fini)
 *fill*         0x013ab872        0x2 
 .fini          0x013ab874        0xc c:/nxp/s32ds_power_v2.1/s32ds/build_tools/powerpc-eabivle-4_9/bin/../lib/gcc/powerpc-eabivle/4.9.4/e200z2/fp/ecrti.o
                0x013ab874                __fini
 .fini          0x013ab880        0x4 c:/nxp/s32ds_power_v2.1/s32ds/build_tools/powerpc-eabivle-4_9/bin/../lib/gcc/powerpc-eabivle/4.9.4/e200z2/fp/crtbegin.o
 .fini          0x013ab884        0xa c:/nxp/s32ds_power_v2.1/s32ds/build_tools/powerpc-eabivle-4_9/bin/../lib/gcc/powerpc-eabivle/4.9.4/e200z2/fp/ecrtn.o
                0x013ab890                . = ALIGN (0x10)
 *fill*         0x013ab88e        0x2 

.glink          0x013ab890        0x0
 .glink         0x013ab890        0x0 c:/nxp/s32ds_power_v2.1/s32ds/build_tools/powerpc-eabivle-4_9/bin/../lib/gcc/powerpc-eabivle/4.9.4/e200z2/fp/crtbegin.o

.sdata2         0x013ab890       0x18
                0x013ab890                . = ALIGN (0x4)
                0x013ab890                __sdata2_start__ = .
 *(.sdata2)
 .sdata2        0x013ab890        0x0 c:/nxp/s32ds_power_v2.1/s32ds/build_tools/powerpc-eabivle-4_9/bin/../lib/gcc/powerpc-eabivle/4.9.4/e200z2/fp/ecrti.o
                0x013ab890                __SDATA2_START__
 .sdata2        0x013ab890        0x0 c:/nxp/s32ds_power_v2.1/s32ds/build_tools/powerpc-eabivle-4_9/bin/../lib/gcc/powerpc-eabivle/4.9.4/e200z2/fp/crtbegin.o
                0x013b3890                _SDA2_BASE_
 .sdata2        0x013ab890        0x8 ./SDK/platform/drivers/src/stm/stm_driver.o
 *(.sdata2.*)
 .sdata2.can_pal1_instance
                0x013ab898        0x8 ./Generated_Code/can_pal1.o
                0x013ab898                can_pal1_instance
 .sdata2.uart_pal1_instance
                0x013ab8a0        0x8 ./Generated_Code/uart_pal1.o
                0x013ab8a0                uart_pal1_instance
                0x013ab8a8                . = ALIGN (0x4)
                0x013ab8a8                __sdata2_end__ = .

.got2           0x013ab8a8       0x1c
 *(.got2*)
 .got2          0x013ab8a8       0x1c c:/nxp/s32ds_power_v2.1/s32ds/build_tools/powerpc-eabivle-4_9/bin/../lib/gcc/powerpc-eabivle/4.9.4/e200z2/fp\libgcc.a(eabivle.o)

.preinit_array  0x013ab8c4        0x0
                [!provide]                PROVIDE (__preinit_array_start, .)
 *(.preinit_array)
                [!provide]                PROVIDE (__preinit_array_end, .)

.init_array     0x013ab8c4        0x0
                [!provide]                PROVIDE (__init_array_start, .)
 *(SORT(.init_array.*))
 *(.init_array)
                [!provide]                PROVIDE (__init_array_end, .)

.dtors          0x013ab8c4        0x8
 *crtbegin.o(.dtors)
 .dtors         0x013ab8c4        0x4 c:/nxp/s32ds_power_v2.1/s32ds/build_tools/powerpc-eabivle-4_9/bin/../lib/gcc/powerpc-eabivle/4.9.4/e200z2/fp/crtbegin.o
 *crtbegin?.o(.dtors)
 *(EXCLUDE_FILE(*crtend?.o *crtend.o) .dtors)
 .dtors         0x013ab8c8        0x0 c:/nxp/s32ds_power_v2.1/s32ds/build_tools/powerpc-eabivle-4_9/bin/../lib/gcc/powerpc-eabivle/4.9.4/e200z2/fp/ecrti.o
                0x013ab8c8                __DTOR_LIST__
 .dtors         0x013ab8c8        0x0 c:/nxp/s32ds_power_v2.1/s32ds/build_tools/powerpc-eabivle-4_9/bin/../lib/gcc/powerpc-eabivle/4.9.4/e200z2/fp/ecrtn.o
 *(SORT(.dtors.*))
 *(.dtors)
 .dtors         0x013ab8c8        0x4 c:/nxp/s32ds_power_v2.1/s32ds/build_tools/powerpc-eabivle-4_9/bin/../lib/gcc/powerpc-eabivle/4.9.4/e200z2/fp/crtend.o
                0x013ab8c8                __DTOR_END__

.ctors          0x013ab8cc        0x8
 *crtbegin.o(.ctors)
 .ctors         0x013ab8cc        0x4 c:/nxp/s32ds_power_v2.1/s32ds/build_tools/powerpc-eabivle-4_9/bin/../lib/gcc/powerpc-eabivle/4.9.4/e200z2/fp/crtbegin.o
 *crtbegin?.o(.ctors)
 *(EXCLUDE_FILE(*crtend?.o *crtend.o) .ctors)
 .ctors         0x013ab8d0        0x0 c:/nxp/s32ds_power_v2.1/s32ds/build_tools/powerpc-eabivle-4_9/bin/../lib/gcc/powerpc-eabivle/4.9.4/e200z2/fp/ecrti.o
                0x013ab8d0                __CTOR_LIST__
 .ctors         0x013ab8d0        0x0 c:/nxp/s32ds_power_v2.1/s32ds/build_tools/powerpc-eabivle-4_9/bin/../lib/gcc/powerpc-eabivle/4.9.4/e200z2/fp/ecrtn.o
                0x013ab8d0                __CTOR_END__
 *(SORT(.ctors.*))
 *(.ctors)
 .ctors         0x013ab8d0        0x4 c:/nxp/s32ds_power_v2.1/s32ds/build_tools/powerpc-eabivle-4_9/bin/../lib/gcc/powerpc-eabivle/4.9.4/e200z2/fp/crtend.o

.fini_array     0x013ab8d4        0x0
                [!provide]                PROVIDE (__fini_array_start, .)
 *(SORT(.fini_array.*))
 *(.fini_array)
                [!provide]                PROVIDE (__fini_array_end, .)

.rodata         0x013ab8d8      0xf44
 *(.rodata)
 .rodata        0x013ab8d8       0x10 ./SDK/platform/drivers/src/flexcan/flexcan_driver.o
 .rodata        0x013ab8e8       0x44 ./SDK/platform/pal/src/pwm/pwm_pal.o
 *fill*         0x013ab92c        0x4 
 .rodata        0x013ab930       0x18 c:/nxp/s32ds_power_v2.1/s32ds/build_tools/powerpc-eabivle-4_9/bin/../lib/gcc/powerpc-eabivle/4.9.4/e200z2/fp\libgcc.a(_thenan_df.o)
                0x013ab930                __thenan_df
 *(.rodata.*)
 .rodata.can_pal1_Config0
                0x013ab948       0x44 ./Generated_Code/can_pal1.o
                0x013ab948                can_pal1_Config0
 .rodata.stm1_InitConfig0
                0x013ab98c        0xc ./Generated_Code/stm1.o
                0x013ab98c                stm1_InitConfig0
 .rodata.uart_pal1_Config0
                0x013ab998       0x2c ./Generated_Code/uart_pal1.o
                0x013ab998                uart_pal1_Config0
 .rodata.s_vectors